Archive member included to satisfy reference by file (symbol)

C:/avr-gcc/bin/../lib/gcc/avr/15.2.0/avr5\libgcc.a(_umulhisi3.o)
                              build/HAL/Vitals/vitals.o (__umulhisi3)
C:/avr-gcc/bin/../lib/gcc/avr/15.2.0/avr5\libgcc.a(_udivmodhi4.o)
                              build/LIB/ring_buffer.o (__udivmodhi4)
C:/avr-gcc/bin/../lib/gcc/avr/15.2.0/avr5\libgcc.a(_divmodhi4.o)
                              build/HAL/Vitals/vitals.o (__divmodhi4)
C:/avr-gcc/bin/../lib/gcc/avr/15.2.0/avr5\libgcc.a(_udivmodsi4.o)
                              build/HAL/HR_Capture/HR_Capture.o (__udivmodsi4)
C:/avr-gcc/bin/../lib/gcc/avr/15.2.0/avr5\libgcc.a(_exit.o)
                              C:/avr-gcc/bin/../lib/gcc/avr/15.2.0/../../../../avr/lib/avr5/crtatmega32.o (exit)
C:/avr-gcc/bin/../lib/gcc/avr/15.2.0/avr5\libgcc.a(_copy_data.o)
                              build/main.o (__do_copy_data)
C:/avr-gcc/bin/../lib/gcc/avr/15.2.0/avr5\libgcc.a(_clear_bss.o)
                              build/HAL/Annunciator/Annunciator_audio.o (__do_clear_bss)
C:/avr-gcc/bin/../lib/gcc/avr/15.2.0/../../../../avr/lib/avr5\libc.a(itoa_ncheck.o)
                              build/main.o (__itoa_ncheck)
C:/avr-gcc/bin/../lib/gcc/avr/15.2.0/../../../../avr/lib/avr5\libc.a(utoa_ncheck.o)
                              C:/avr-gcc/bin/../lib/gcc/avr/15.2.0/../../../../avr/lib/avr5\libc.a(itoa_ncheck.o) (__utoa_common)
C:/avr-gcc/bin/../lib/gcc/avr/15.2.0/../../../../avr/lib/avr5\libc.a(strrev.o)
                              C:/avr-gcc/bin/../lib/gcc/avr/15.2.0/../../../../avr/lib/avr5\libc.a(utoa_ncheck.o) (strrev)

Discarded input sections

 .data          0x00000000        0x0 C:/avr-gcc/bin/../lib/gcc/avr/15.2.0/../../../../avr/lib/avr5/crtatmega32.o
 .bss           0x00000000        0x0 C:/avr-gcc/bin/../lib/gcc/avr/15.2.0/../../../../avr/lib/avr5/crtatmega32.o
 .text          0x00000000        0x0 build/main.o
 .data          0x00000000        0x0 build/main.o
 .bss           0x00000000        0x0 build/main.o
 .text          0x00000000        0x0 build/LIB/ring_buffer.o
 .data          0x00000000        0x0 build/LIB/ring_buffer.o
 .bss           0x00000000        0x0 build/LIB/ring_buffer.o
 .text.RingBuffer_Init
                0x00000000       0x22 build/LIB/ring_buffer.o
 .text.RingBuffer_IsFull
                0x00000000       0x1a build/LIB/ring_buffer.o
 .text.RingBuffer_Push
                0x00000000       0x5a build/LIB/ring_buffer.o
 .text.RingBuffer_IsEmpty
                0x00000000       0x16 build/LIB/ring_buffer.o
 .text.RingBuffer_Pop
                0x00000000       0x62 build/LIB/ring_buffer.o
 .comment       0x00000000       0x13 build/LIB/ring_buffer.o
 .text          0x00000000        0x0 build/HAL/Annunciator/Annunciator_audio.o
 .data          0x00000000        0x0 build/HAL/Annunciator/Annunciator_audio.o
 .bss           0x00000000        0x0 build/HAL/Annunciator/Annunciator_audio.o
 .text.ANN_ResetPattern
                0x00000000       0x44 build/HAL/Annunciator/Annunciator_audio.o
 .text.ANN_Audio_Init
                0x00000000       0x34 build/HAL/Annunciator/Annunciator_audio.o
 .text.ANN_Audio_SetPriority
                0x00000000       0x22 build/HAL/Annunciator/Annunciator_audio.o
 .text.ANN_Audio_Tick
                0x00000000      0x17e build/HAL/Annunciator/Annunciator_audio.o
 .text.ANN_Audio_Mute
                0x00000000       0x18 build/HAL/Annunciator/Annunciator_audio.o
 .text.ANN_Audio_Unmute
                0x00000000       0x10 build/HAL/Annunciator/Annunciator_audio.o
 .bss.Ann_Muted
                0x00000000        0x1 build/HAL/Annunciator/Annunciator_audio.o
 .bss.Ann_SilenceTicks
                0x00000000        0x2 build/HAL/Annunciator/Annunciator_audio.o
 .bss.Ann_CycleTicks
                0x00000000        0x2 build/HAL/Annunciator/Annunciator_audio.o
 .bss.Ann_PhaseTicks
                0x00000000        0x2 build/HAL/Annunciator/Annunciator_audio.o
 .bss.Ann_PulseCount
                0x00000000        0x1 build/HAL/Annunciator/Annunciator_audio.o
 .bss.Ann_Phase
                0x00000000        0x1 build/HAL/Annunciator/Annunciator_audio.o
 .bss.Ann_CurrentPriority
                0x00000000        0x1 build/HAL/Annunciator/Annunciator_audio.o
 .comment       0x00000000       0x13 build/HAL/Annunciator/Annunciator_audio.o
 .text          0x00000000        0x0 build/HAL/HR_Capture/HR_Capture.o
 .data          0x00000000        0x0 build/HAL/HR_Capture/HR_Capture.o
 .bss           0x00000000        0x0 build/HAL/HR_Capture/HR_Capture.o
 .text.HRC_Init
                0x00000000       0x52 build/HAL/HR_Capture/HR_Capture.o
 .text.HRC_OnCapture
                0x00000000       0x5a build/HAL/HR_Capture/HR_Capture.o
 .text.HRC_Process
                0x00000000      0x1f0 build/HAL/HR_Capture/HR_Capture.o
 .text.HRC_OnOverflow
                0x00000000       0x18 build/HAL/HR_Capture/HR_Capture.o
 .text.HRC_GetBpm
                0x00000000        0xa build/HAL/HR_Capture/HR_Capture.o
 .text.HRC_GetHrvMs
                0x00000000        0xa build/HAL/HR_Capture/HR_Capture.o
 .text.HRC_IsAsystole
                0x00000000       0x1a build/HAL/HR_Capture/HR_Capture.o
 .text.HRC_ClearAsystole
                0x00000000        0x8 build/HAL/HR_Capture/HR_Capture.o
 .bss.HRC_Asystole
                0x00000000        0x1 build/HAL/HR_Capture/HR_Capture.o
 .bss.HRC_CurrentHrvMs
                0x00000000        0x2 build/HAL/HR_Capture/HR_Capture.o
 .bss.HRC_CurrentBpm
                0x00000000        0x2 build/HAL/HR_Capture/HR_Capture.o
 .bss.HRC_IntervalIndex
                0x00000000        0x1 build/HAL/HR_Capture/HR_Capture.o
 .bss.HRC_MedianIndex
                0x00000000        0x1 build/HAL/HR_Capture/HR_Capture.o
 .bss.HRC_Intervals
                0x00000000       0x10 build/HAL/HR_Capture/HR_Capture.o
 .bss.HRC_MedianIntervals
                0x00000000        0x6 build/HAL/HR_Capture/HR_Capture.o
 .comment       0x00000000       0x13 build/HAL/HR_Capture/HR_Capture.o
 .text          0x00000000        0x0 build/HAL/KeyPad/KeyPad.o
 .data          0x00000000        0x0 build/HAL/KeyPad/KeyPad.o
 .bss           0x00000000        0x0 build/HAL/KeyPad/KeyPad.o
 .text.KeyPad_Init
                0x00000000       0x16 build/HAL/KeyPad/KeyPad.o
 .text.KeyPad_GetPressedKey
                0x00000000       0xcc build/HAL/KeyPad/KeyPad.o
 .comment       0x00000000       0x13 build/HAL/KeyPad/KeyPad.o
 .text          0x00000000        0x0 build/HAL/SevenSegment/SevenSegment.o
 .data          0x00000000        0x0 build/HAL/SevenSegment/SevenSegment.o
 .bss           0x00000000        0x0 build/HAL/SevenSegment/SevenSegment.o
 .text.SevenSegment_Init
                0x00000000       0x16 build/HAL/SevenSegment/SevenSegment.o
 .rodata.SevenSegment_Display.str1.1
                0x00000000        0xb build/HAL/SevenSegment/SevenSegment.o
 .text.SevenSegment_Display
                0x00000000       0x56 build/HAL/SevenSegment/SevenSegment.o
 .comment       0x00000000       0x13 build/HAL/SevenSegment/SevenSegment.o
 .text          0x00000000        0x0 build/HAL/ShiftReg/ShiftReg.o
 .data          0x00000000        0x0 build/HAL/ShiftReg/ShiftReg.o
 .bss           0x00000000        0x0 build/HAL/ShiftReg/ShiftReg.o
 .text.ShiftReg_voidInit
                0x00000000       0x1a build/HAL/ShiftReg/ShiftReg.o
 .text.ShiftReg_voidWriteByte
                0x00000000       0x22 build/HAL/ShiftReg/ShiftReg.o
 .comment       0x00000000       0x13 build/HAL/ShiftReg/ShiftReg.o
 .text          0x00000000        0x0 build/HAL/Vitals/vitals.o
 .data          0x00000000        0x0 build/HAL/Vitals/vitals.o
 .bss           0x00000000        0x0 build/HAL/Vitals/vitals.o
 .text.Vitals_Init
                0x00000000        0x8 build/HAL/Vitals/vitals.o
 .text.Vitals_Read
                0x00000000      0x190 build/HAL/Vitals/vitals.o
 .comment       0x00000000       0x13 build/HAL/Vitals/vitals.o
 .text          0x00000000        0x0 build/MCAL/ADC/ADC.o
 .data          0x00000000        0x0 build/MCAL/ADC/ADC.o
 .bss           0x00000000        0x0 build/MCAL/ADC/ADC.o
 .text.ADC_Init
                0x00000000       0x2a build/MCAL/ADC/ADC.o
 .text.ADC_ReadChannel
                0x00000000       0x30 build/MCAL/ADC/ADC.o
 .text.ADC_StartConversion
                0x00000000       0x1a build/MCAL/ADC/ADC.o
 .text.ADC_GetResult
                0x00000000       0x20 build/MCAL/ADC/ADC.o
 .text.ADC_SetInterrupt
                0x00000000       0x18 build/MCAL/ADC/ADC.o
 .comment       0x00000000       0x13 build/MCAL/ADC/ADC.o
 .text          0x00000000        0x0 build/MCAL/GPIO/GPIO.o
 .data          0x00000000        0x0 build/MCAL/GPIO/GPIO.o
 .bss           0x00000000        0x0 build/MCAL/GPIO/GPIO.o
 .text.GPIO_SetPinDirection
                0x00000000       0xe0 build/MCAL/GPIO/GPIO.o
 .text.GPIO_SetPinValue
                0x00000000       0x78 build/MCAL/GPIO/GPIO.o
 .text.GPIO_GetPinValue
                0x00000000       0x44 build/MCAL/GPIO/GPIO.o
 .text.GPIO_TogglePinValue
                0x00000000       0x48 build/MCAL/GPIO/GPIO.o
 .text.GPIO_SetPortDirection
                0x00000000       0x2a build/MCAL/GPIO/GPIO.o
 .text.GPIO_SetPortValue
                0x00000000       0x2a build/MCAL/GPIO/GPIO.o
 .text.GPIO_GetPortValue
                0x00000000       0x32 build/MCAL/GPIO/GPIO.o
 .comment       0x00000000       0x13 build/MCAL/GPIO/GPIO.o
 .text          0x00000000        0x0 build/MCAL/I2C/I2C.o
 .data          0x00000000        0x0 build/MCAL/I2C/I2C.o
 .bss           0x00000000        0x0 build/MCAL/I2C/I2C.o
 .comment       0x00000000       0x13 build/MCAL/I2C/I2C.o
 .text          0x00000000        0x0 build/MCAL/INTERRUPT/INTERRUPT.o
 .data          0x00000000        0x0 build/MCAL/INTERRUPT/INTERRUPT.o
 .bss           0x00000000        0x0 build/MCAL/INTERRUPT/INTERRUPT.o
 .text.INTERRUPT_EnableGlobal
                0x00000000        0x8 build/MCAL/INTERRUPT/INTERRUPT.o
 .text.INTERRUPT_DisableGlobal
                0x00000000        0x8 build/MCAL/INTERRUPT/INTERRUPT.o
 .text.EXTI_ClearFlag
                0x00000000       0x24 build/MCAL/INTERRUPT/INTERRUPT.o
 .text.EXTI_SetSense
                0x00000000       0x4c build/MCAL/INTERRUPT/INTERRUPT.o
 .text.EXTI_Enable
                0x00000000       0x30 build/MCAL/INTERRUPT/INTERRUPT.o
 .text.EXTI_Disable
                0x00000000       0x2a build/MCAL/INTERRUPT/INTERRUPT.o
 .text.EXTI_SetCallback
                0x00000000       0x26 build/MCAL/INTERRUPT/INTERRUPT.o
 .text          0x00000000        0x0 build/MCAL/SPI/SPI.o
 .data          0x00000000        0x0 build/MCAL/SPI/SPI.o
 .bss           0x00000000        0x0 build/MCAL/SPI/SPI.o
 .text.SPI_InitMaster
                0x00000000       0x4a build/MCAL/SPI/SPI.o
 .text.SPI_TransceiveByte
                0x00000000        0xa build/MCAL/SPI/SPI.o
 .text.SPI_Transceive
                0x00000000       0x20 build/MCAL/SPI/SPI.o
 .text.SPI_SelectSlave
                0x00000000       0x22 build/MCAL/SPI/SPI.o
 .text.SPI_ReleaseSlave
                0x00000000        0xc build/MCAL/SPI/SPI.o
 .comment       0x00000000       0x13 build/MCAL/SPI/SPI.o
 .text          0x00000000        0x0 build/MCAL/TIMER/TIMER.o
 .data          0x00000000        0x0 build/MCAL/TIMER/TIMER.o
 .bss           0x00000000        0x0 build/MCAL/TIMER/TIMER.o
 .text.TIMER0_Init
                0x00000000       0x22 build/MCAL/TIMER/TIMER.o
 .text.TIMER0_SetCallback
                0x00000000       0x18 build/MCAL/TIMER/TIMER.o
 .text.TIMER0_IsTickPending
                0x00000000        0xe build/MCAL/TIMER/TIMER.o
 .text.TIMER0_ClearTick
                0x00000000        0x6 build/MCAL/TIMER/TIMER.o
 .text.TIMER1_Init
                0x00000000       0x5e build/MCAL/TIMER/TIMER.o
 .text.TIMER1_IsCaptureReady
                0x00000000        0xe build/MCAL/TIMER/TIMER.o
 .text.TIMER1_ClearCaptureFlag
                0x00000000        0xa build/MCAL/TIMER/TIMER.o
 .text.TIMER1_GetInterval
                0x00000000       0x1c build/MCAL/TIMER/TIMER.o
 .text.TIMER1_GetCaptureCount
                0x00000000        0x6 build/MCAL/TIMER/TIMER.o
 .text.TIMER1_GetCaptureWriteIndex
                0x00000000        0x6 build/MCAL/TIMER/TIMER.o
 .text.TIMER1_IsAsystole
                0x00000000        0xe build/MCAL/TIMER/TIMER.o
 .text.TIMER1_ClearAsystole
                0x00000000        0xe build/MCAL/TIMER/TIMER.o
 .text.TIMER2_SetTone
                0x00000000       0x42 build/MCAL/TIMER/TIMER.o
 .text.TIMER2_Init
                0x00000000       0x18 build/MCAL/TIMER/TIMER.o
 .text          0x00000000        0x0 build/MCAL/UART/UART.o
 .data          0x00000000        0x0 build/MCAL/UART/UART.o
 .bss           0x00000000        0x0 build/MCAL/UART/UART.o
 .text.UART_Init
                0x00000000       0x42 build/MCAL/UART/UART.o
 .text.UART_SendByte
                0x00000000        0xc build/MCAL/UART/UART.o
 .text.UART_ReceiveByte
                0x00000000       0x1a build/MCAL/UART/UART.o
 .text.UART_SendString
                0x00000000       0x26 build/MCAL/UART/UART.o
 .text.UART_IsDataReady
                0x00000000       0x12 build/MCAL/UART/UART.o
 .text.UART_SetRxInterrupt
                0x00000000       0x10 build/MCAL/UART/UART.o
 .text.UART_SetTxInterrupt
                0x00000000       0x10 build/MCAL/UART/UART.o
 .comment       0x00000000       0x13 build/MCAL/UART/UART.o
 .text          0x00000000        0x0 C:/avr-gcc/bin/../lib/gcc/avr/15.2.0/avr5\libgcc.a(_umulhisi3.o)
 .data          0x00000000        0x0 C:/avr-gcc/bin/../lib/gcc/avr/15.2.0/avr5\libgcc.a(_umulhisi3.o)
 .bss           0x00000000        0x0 C:/avr-gcc/bin/../lib/gcc/avr/15.2.0/avr5\libgcc.a(_umulhisi3.o)
 .text.libgcc.mul
                0x00000000       0x1e C:/avr-gcc/bin/../lib/gcc/avr/15.2.0/avr5\libgcc.a(_umulhisi3.o)
 .text.libgcc.div
                0x00000000        0x0 C:/avr-gcc/bin/../lib/gcc/avr/15.2.0/avr5\libgcc.a(_umulhisi3.o)
 .text.libgcc   0x00000000        0x0 C:/avr-gcc/bin/../lib/gcc/avr/15.2.0/avr5\libgcc.a(_umulhisi3.o)
 .text.libgcc.prologue
                0x00000000        0x0 C:/avr-gcc/bin/../lib/gcc/avr/15.2.0/avr5\libgcc.a(_umulhisi3.o)
 .text.libgcc.builtins
                0x00000000        0x0 C:/avr-gcc/bin/../lib/gcc/avr/15.2.0/avr5\libgcc.a(_umulhisi3.o)
 .text.libgcc.fmul
                0x00000000        0x0 C:/avr-gcc/bin/../lib/gcc/avr/15.2.0/avr5\libgcc.a(_umulhisi3.o)
 .text.libgcc.fixed
                0x00000000        0x0 C:/avr-gcc/bin/../lib/gcc/avr/15.2.0/avr5\libgcc.a(_umulhisi3.o)
 .debug_line    0x00000000       0x9f C:/avr-gcc/bin/../lib/gcc/avr/15.2.0/avr5\libgcc.a(_umulhisi3.o)
 .debug_line_str
                0x00000000       0x5c C:/avr-gcc/bin/../lib/gcc/avr/15.2.0/avr5\libgcc.a(_umulhisi3.o)
 .debug_info    0x00000000       0x24 C:/avr-gcc/bin/../lib/gcc/avr/15.2.0/avr5\libgcc.a(_umulhisi3.o)
 .debug_abbrev  0x00000000       0x14 C:/avr-gcc/bin/../lib/gcc/avr/15.2.0/avr5\libgcc.a(_umulhisi3.o)
 .debug_aranges
                0x00000000       0x20 C:/avr-gcc/bin/../lib/gcc/avr/15.2.0/avr5\libgcc.a(_umulhisi3.o)
 .debug_str     0x00000000       0x68 C:/avr-gcc/bin/../lib/gcc/avr/15.2.0/avr5\libgcc.a(_umulhisi3.o)
 .text          0x00000000        0x0 C:/avr-gcc/bin/../lib/gcc/avr/15.2.0/avr5\libgcc.a(_udivmodhi4.o)
 .data          0x00000000        0x0 C:/avr-gcc/bin/../lib/gcc/avr/15.2.0/avr5\libgcc.a(_udivmodhi4.o)
 .bss           0x00000000        0x0 C:/avr-gcc/bin/../lib/gcc/avr/15.2.0/avr5\libgcc.a(_udivmodhi4.o)
 .text.libgcc.mul
                0x00000000        0x0 C:/avr-gcc/bin/../lib/gcc/avr/15.2.0/avr5\libgcc.a(_udivmodhi4.o)
 .text.libgcc.div
                0x00000000       0x28 C:/avr-gcc/bin/../lib/gcc/avr/15.2.0/avr5\libgcc.a(_udivmodhi4.o)
 .text.libgcc   0x00000000        0x0 C:/avr-gcc/bin/../lib/gcc/avr/15.2.0/avr5\libgcc.a(_udivmodhi4.o)
 .text.libgcc.prologue
                0x00000000        0x0 C:/avr-gcc/bin/../lib/gcc/avr/15.2.0/avr5\libgcc.a(_udivmodhi4.o)
 .text.libgcc.builtins
                0x00000000        0x0 C:/avr-gcc/bin/../lib/gcc/avr/15.2.0/avr5\libgcc.a(_udivmodhi4.o)
 .text.libgcc.fmul
                0x00000000        0x0 C:/avr-gcc/bin/../lib/gcc/avr/15.2.0/avr5\libgcc.a(_udivmodhi4.o)
 .text.libgcc.fixed
                0x00000000        0x0 C:/avr-gcc/bin/../lib/gcc/avr/15.2.0/avr5\libgcc.a(_udivmodhi4.o)
 .debug_line    0x00000000       0xbd C:/avr-gcc/bin/../lib/gcc/avr/15.2.0/avr5\libgcc.a(_udivmodhi4.o)
 .debug_line_str
                0x00000000       0x5c C:/avr-gcc/bin/../lib/gcc/avr/15.2.0/avr5\libgcc.a(_udivmodhi4.o)
 .debug_info    0x00000000       0x24 C:/avr-gcc/bin/../lib/gcc/avr/15.2.0/avr5\libgcc.a(_udivmodhi4.o)
 .debug_abbrev  0x00000000       0x14 C:/avr-gcc/bin/../lib/gcc/avr/15.2.0/avr5\libgcc.a(_udivmodhi4.o)
 .debug_aranges
                0x00000000       0x20 C:/avr-gcc/bin/../lib/gcc/avr/15.2.0/avr5\libgcc.a(_udivmodhi4.o)
 .debug_str     0x00000000       0x68 C:/avr-gcc/bin/../lib/gcc/avr/15.2.0/avr5\libgcc.a(_udivmodhi4.o)
 .text          0x00000000        0x0 C:/avr-gcc/bin/../lib/gcc/avr/15.2.0/avr5\libgcc.a(_divmodhi4.o)
 .data          0x00000000        0x0 C:/avr-gcc/bin/../lib/gcc/avr/15.2.0/avr5\libgcc.a(_divmodhi4.o)
 .bss           0x00000000        0x0 C:/avr-gcc/bin/../lib/gcc/avr/15.2.0/avr5\libgcc.a(_divmodhi4.o)
 .text.libgcc.mul
                0x00000000        0x0 C:/avr-gcc/bin/../lib/gcc/avr/15.2.0/avr5\libgcc.a(_divmodhi4.o)
 .text.libgcc.div
                0x00000000       0x28 C:/avr-gcc/bin/../lib/gcc/avr/15.2.0/avr5\libgcc.a(_divmodhi4.o)
 .text.libgcc   0x00000000        0x0 C:/avr-gcc/bin/../lib/gcc/avr/15.2.0/avr5\libgcc.a(_divmodhi4.o)
 .text.libgcc.prologue
                0x00000000        0x0 C:/avr-gcc/bin/../lib/gcc/avr/15.2.0/avr5\libgcc.a(_divmodhi4.o)
 .text.libgcc.builtins
                0x00000000        0x0 C:/avr-gcc/bin/../lib/gcc/avr/15.2.0/avr5\libgcc.a(_divmodhi4.o)
 .text.libgcc.fmul
                0x00000000        0x0 C:/avr-gcc/bin/../lib/gcc/avr/15.2.0/avr5\libgcc.a(_divmodhi4.o)
 .text.libgcc.fixed
                0x00000000        0x0 C:/avr-gcc/bin/../lib/gcc/avr/15.2.0/avr5\libgcc.a(_divmodhi4.o)
 .debug_line    0x00000000       0xb7 C:/avr-gcc/bin/../lib/gcc/avr/15.2.0/avr5\libgcc.a(_divmodhi4.o)
 .debug_line_str
                0x00000000       0x5c C:/avr-gcc/bin/../lib/gcc/avr/15.2.0/avr5\libgcc.a(_divmodhi4.o)
 .debug_info    0x00000000       0x24 C:/avr-gcc/bin/../lib/gcc/avr/15.2.0/avr5\libgcc.a(_divmodhi4.o)
 .debug_abbrev  0x00000000       0x14 C:/avr-gcc/bin/../lib/gcc/avr/15.2.0/avr5\libgcc.a(_divmodhi4.o)
 .debug_aranges
                0x00000000       0x20 C:/avr-gcc/bin/../lib/gcc/avr/15.2.0/avr5\libgcc.a(_divmodhi4.o)
 .debug_str     0x00000000       0x68 C:/avr-gcc/bin/../lib/gcc/avr/15.2.0/avr5\libgcc.a(_divmodhi4.o)
 .text          0x00000000        0x0 C:/avr-gcc/bin/../lib/gcc/avr/15.2.0/avr5\libgcc.a(_udivmodsi4.o)
 .data          0x00000000        0x0 C:/avr-gcc/bin/../lib/gcc/avr/15.2.0/avr5\libgcc.a(_udivmodsi4.o)
 .bss           0x00000000        0x0 C:/avr-gcc/bin/../lib/gcc/avr/15.2.0/avr5\libgcc.a(_udivmodsi4.o)
 .text.libgcc.mul
                0x00000000        0x0 C:/avr-gcc/bin/../lib/gcc/avr/15.2.0/avr5\libgcc.a(_udivmodsi4.o)
 .text.libgcc.div
                0x00000000       0x44 C:/avr-gcc/bin/../lib/gcc/avr/15.2.0/avr5\libgcc.a(_udivmodsi4.o)
 .text.libgcc   0x00000000        0x0 C:/avr-gcc/bin/../lib/gcc/avr/15.2.0/avr5\libgcc.a(_udivmodsi4.o)
 .text.libgcc.prologue
                0x00000000        0x0 C:/avr-gcc/bin/../lib/gcc/avr/15.2.0/avr5\libgcc.a(_udivmodsi4.o)
 .text.libgcc.builtins
                0x00000000        0x0 C:/avr-gcc/bin/../lib/gcc/avr/15.2.0/avr5\libgcc.a(_udivmodsi4.o)
 .text.libgcc.fmul
                0x00000000        0x0 C:/avr-gcc/bin/../lib/gcc/avr/15.2.0/avr5\libgcc.a(_udivmodsi4.o)
 .text.libgcc.fixed
                0x00000000        0x0 C:/avr-gcc/bin/../lib/gcc/avr/15.2.0/avr5\libgcc.a(_udivmodsi4.o)
 .debug_line    0x00000000      0x111 C:/avr-gcc/bin/../lib/gcc/avr/15.2.0/avr5\libgcc.a(_udivmodsi4.o)
 .debug_line_str
                0x00000000       0x5c C:/avr-gcc/bin/../lib/gcc/avr/15.2.0/avr5\libgcc.a(_udivmodsi4.o)
 .debug_info    0x00000000       0x24 C:/avr-gcc/bin/../lib/gcc/avr/15.2.0/avr5\libgcc.a(_udivmodsi4.o)
 .debug_abbrev  0x00000000       0x14 C:/avr-gcc/bin/../lib/gcc/avr/15.2.0/avr5\libgcc.a(_udivmodsi4.o)
 .debug_aranges
                0x00000000       0x20 C:/avr-gcc/bin/../lib/gcc/avr/15.2.0/avr5\libgcc.a(_udivmodsi4.o)
 .debug_str     0x00000000       0x68 C:/avr-gcc/bin/../lib/gcc/avr/15.2.0/avr5\libgcc.a(_udivmodsi4.o)
 .text          0x00000000        0x0 C:/avr-gcc/bin/../lib/gcc/avr/15.2.0/avr5\libgcc.a(_exit.o)
 .data          0x00000000        0x0 C:/avr-gcc/bin/../lib/gcc/avr/15.2.0/avr5\libgcc.a(_exit.o)
 .bss           0x00000000        0x0 C:/avr-gcc/bin/../lib/gcc/avr/15.2.0/avr5\libgcc.a(_exit.o)
 .text.libgcc.mul
                0x00000000        0x0 C:/avr-gcc/bin/../lib/gcc/avr/15.2.0/avr5\libgcc.a(_exit.o)
 .text.libgcc.div
                0x00000000        0x0 C:/avr-gcc/bin/../lib/gcc/avr/15.2.0/avr5\libgcc.a(_exit.o)
 .text.libgcc   0x00000000        0x0 C:/avr-gcc/bin/../lib/gcc/avr/15.2.0/avr5\libgcc.a(_exit.o)
 .text.libgcc.prologue
                0x00000000        0x0 C:/avr-gcc/bin/../lib/gcc/avr/15.2.0/avr5\libgcc.a(_exit.o)
 .text.libgcc.builtins
                0x00000000        0x0 C:/avr-gcc/bin/../lib/gcc/avr/15.2.0/avr5\libgcc.a(_exit.o)
 .text.libgcc.fmul
                0x00000000        0x0 C:/avr-gcc/bin/../lib/gcc/avr/15.2.0/avr5\libgcc.a(_exit.o)
 .text.libgcc.fixed
                0x00000000        0x0 C:/avr-gcc/bin/../lib/gcc/avr/15.2.0/avr5\libgcc.a(_exit.o)
 .text          0x00000000        0x0 C:/avr-gcc/bin/../lib/gcc/avr/15.2.0/avr5\libgcc.a(_copy_data.o)
 .data          0x00000000        0x0 C:/avr-gcc/bin/../lib/gcc/avr/15.2.0/avr5\libgcc.a(_copy_data.o)
 .bss           0x00000000        0x0 C:/avr-gcc/bin/../lib/gcc/avr/15.2.0/avr5\libgcc.a(_copy_data.o)
 .text.libgcc.mul
                0x00000000        0x0 C:/avr-gcc/bin/../lib/gcc/avr/15.2.0/avr5\libgcc.a(_copy_data.o)
 .text.libgcc.div
                0x00000000        0x0 C:/avr-gcc/bin/../lib/gcc/avr/15.2.0/avr5\libgcc.a(_copy_data.o)
 .text.libgcc   0x00000000        0x0 C:/avr-gcc/bin/../lib/gcc/avr/15.2.0/avr5\libgcc.a(_copy_data.o)
 .text.libgcc.prologue
                0x00000000        0x0 C:/avr-gcc/bin/../lib/gcc/avr/15.2.0/avr5\libgcc.a(_copy_data.o)
 .text.libgcc.builtins
                0x00000000        0x0 C:/avr-gcc/bin/../lib/gcc/avr/15.2.0/avr5\libgcc.a(_copy_data.o)
 .text.libgcc.fmul
                0x00000000        0x0 C:/avr-gcc/bin/../lib/gcc/avr/15.2.0/avr5\libgcc.a(_copy_data.o)
 .text.libgcc.fixed
                0x00000000        0x0 C:/avr-gcc/bin/../lib/gcc/avr/15.2.0/avr5\libgcc.a(_copy_data.o)
 .text          0x00000000        0x0 C:/avr-gcc/bin/../lib/gcc/avr/15.2.0/avr5\libgcc.a(_clear_bss.o)
 .data          0x00000000        0x0 C:/avr-gcc/bin/../lib/gcc/avr/15.2.0/avr5\libgcc.a(_clear_bss.o)
 .bss           0x00000000        0x0 C:/avr-gcc/bin/../lib/gcc/avr/15.2.0/avr5\libgcc.a(_clear_bss.o)
 .text.libgcc.mul
                0x00000000        0x0 C:/avr-gcc/bin/../lib/gcc/avr/15.2.0/avr5\libgcc.a(_clear_bss.o)
 .text.libgcc.div
                0x00000000        0x0 C:/avr-gcc/bin/../lib/gcc/avr/15.2.0/avr5\libgcc.a(_clear_bss.o)
 .text.libgcc   0x00000000        0x0 C:/avr-gcc/bin/../lib/gcc/avr/15.2.0/avr5\libgcc.a(_clear_bss.o)
 .text.libgcc.prologue
                0x00000000        0x0 C:/avr-gcc/bin/../lib/gcc/avr/15.2.0/avr5\libgcc.a(_clear_bss.o)
 .text.libgcc.builtins
                0x00000000        0x0 C:/avr-gcc/bin/../lib/gcc/avr/15.2.0/avr5\libgcc.a(_clear_bss.o)
 .text.libgcc.fmul
                0x00000000        0x0 C:/avr-gcc/bin/../lib/gcc/avr/15.2.0/avr5\libgcc.a(_clear_bss.o)
 .text.libgcc.fixed
                0x00000000        0x0 C:/avr-gcc/bin/../lib/gcc/avr/15.2.0/avr5\libgcc.a(_clear_bss.o)
 .text          0x00000000        0x0 C:/avr-gcc/bin/../lib/gcc/avr/15.2.0/../../../../avr/lib/avr5\libc.a(itoa_ncheck.o)
 .data          0x00000000        0x0 C:/avr-gcc/bin/../lib/gcc/avr/15.2.0/../../../../avr/lib/avr5\libc.a(itoa_ncheck.o)
 .bss           0x00000000        0x0 C:/avr-gcc/bin/../lib/gcc/avr/15.2.0/../../../../avr/lib/avr5\libc.a(itoa_ncheck.o)
 .text          0x00000000        0x0 C:/avr-gcc/bin/../lib/gcc/avr/15.2.0/../../../../avr/lib/avr5\libc.a(utoa_ncheck.o)
 .data          0x00000000        0x0 C:/avr-gcc/bin/../lib/gcc/avr/15.2.0/../../../../avr/lib/avr5\libc.a(utoa_ncheck.o)
 .bss           0x00000000        0x0 C:/avr-gcc/bin/../lib/gcc/avr/15.2.0/../../../../avr/lib/avr5\libc.a(utoa_ncheck.o)
 .text          0x00000000        0x0 C:/avr-gcc/bin/../lib/gcc/avr/15.2.0/../../../../avr/lib/avr5\libc.a(strrev.o)
 .data          0x00000000        0x0 C:/avr-gcc/bin/../lib/gcc/avr/15.2.0/../../../../avr/lib/avr5\libc.a(strrev.o)
 .bss           0x00000000        0x0 C:/avr-gcc/bin/../lib/gcc/avr/15.2.0/../../../../avr/lib/avr5\libc.a(strrev.o)

Memory Configuration

Name             Origin             Length             Attributes
text             0x00000000         0x00008000         xr
data             0x00800060         0x00000800         rw!x
eeprom           0x00810000         0x00000400         rw!x
fuse             0x00820000         0x00000002         rw!x
lock             0x00830000         0x00000400         rw!x
signature        0x00840000         0x00000400         rw!x
user_signatures  0x00850000         0x00000400         rw!x
*default*        0x00000000         0xffffffff

Linker script and memory map

LOAD C:/avr-gcc/bin/../lib/gcc/avr/15.2.0/../../../../avr/lib/avr5/crtatmega32.o
LOAD build/main.o
LOAD build/LIB/ring_buffer.o
LOAD build/HAL/Annunciator/Annunciator_audio.o
LOAD build/HAL/HR_Capture/HR_Capture.o
LOAD build/HAL/KeyPad/KeyPad.o
LOAD build/HAL/SevenSegment/SevenSegment.o
LOAD build/HAL/ShiftReg/ShiftReg.o
LOAD build/HAL/Vitals/vitals.o
LOAD build/MCAL/ADC/ADC.o
LOAD build/MCAL/GPIO/GPIO.o
LOAD build/MCAL/I2C/I2C.o
LOAD build/MCAL/INTERRUPT/INTERRUPT.o
LOAD build/MCAL/SPI/SPI.o
LOAD build/MCAL/TIMER/TIMER.o
LOAD build/MCAL/UART/UART.o
START GROUP
LOAD C:/avr-gcc/bin/../lib/gcc/avr/15.2.0/avr5\libgcc.a
LOAD C:/avr-gcc/bin/../lib/gcc/avr/15.2.0/../../../../avr/lib/avr5\libm.a
LOAD C:/avr-gcc/bin/../lib/gcc/avr/15.2.0/../../../../avr/lib/avr5\libc.a
LOAD C:/avr-gcc/bin/../lib/gcc/avr/15.2.0/../../../../avr/lib/avr5\libatmega32.a
END GROUP
                [0x00000000]                      __TEXT_REGION_ORIGIN__ = DEFINED (__TEXT_REGION_ORIGIN__)?__TEXT_REGION_ORIGIN__:0x0
                [0x00008000]                      __TEXT_REGION_LENGTH__ = DEFINED (__TEXT_REGION_LENGTH__)?__TEXT_REGION_LENGTH__:0x20000
                [0x00800060]                      __DATA_REGION_ORIGIN__ = DEFINED (__DATA_REGION_ORIGIN__)?__DATA_REGION_ORIGIN__:0x800060
                [0x00000800]                      __DATA_REGION_LENGTH__ = DEFINED (__DATA_REGION_LENGTH__)?__DATA_REGION_LENGTH__:0xffa0
                [0x00000400]                      __EEPROM_REGION_LENGTH__ = DEFINED (__EEPROM_REGION_LENGTH__)?__EEPROM_REGION_LENGTH__:0x10000
                [0x00000002]                      __FUSE_REGION_LENGTH__ = DEFINED (__FUSE_REGION_LENGTH__)?__FUSE_REGION_LENGTH__:0x400
                0x00000400                        __LOCK_REGION_LENGTH__ = DEFINED (__LOCK_REGION_LENGTH__)?__LOCK_REGION_LENGTH__:0x400
                0x00000400                        __SIGNATURE_REGION_LENGTH__ = DEFINED (__SIGNATURE_REGION_LENGTH__)?__SIGNATURE_REGION_LENGTH__:0x400
                0x00000400                        __USER_SIGNATURE_REGION_LENGTH__ = DEFINED (__USER_SIGNATURE_REGION_LENGTH__)?__USER_SIGNATURE_REGION_LENGTH__:0x400

.hash
 *(.hash)

.dynsym
 *(.dynsym)

.dynstr
 *(.dynstr)

.gnu.version
 *(.gnu.version)

.gnu.version_d
 *(.gnu.version_d)

.gnu.version_r
 *(.gnu.version_r)

.rel.init
 *(.rel.init)

.rela.init
 *(.rela.init)

.rel.text
 *(.rel.text)
 *(.rel.text.*)
 *(.rel.gnu.linkonce.t*)

.rela.text
 *(.rela.text)
 *(.rela.text.*)
 *(.rela.gnu.linkonce.t*)

.rel.fini
 *(.rel.fini)

.rela.fini
 *(.rela.fini)

.rel.rodata
 *(.rel.rodata)
 *(.rel.rodata.*)
 *(.rel.gnu.linkonce.r*)

.rela.rodata
 *(.rela.rodata)
 *(.rela.rodata.*)
 *(.rela.gnu.linkonce.r*)

.rel.data
 *(.rel.data)
 *(.rel.data.*)
 *(.rel.gnu.linkonce.d*)

.rela.data
 *(.rela.data)
 *(.rela.data.*)
 *(.rela.gnu.linkonce.d*)

.rel.ctors
 *(.rel.ctors)

.rela.ctors
 *(.rela.ctors)

.rel.dtors
 *(.rel.dtors)

.rela.dtors
 *(.rela.dtors)

.rel.got
 *(.rel.got)

.rela.got
 *(.rela.got)

.rel.bss
 *(.rel.bss)

.rela.bss
 *(.rela.bss)

.rel.plt
 *(.rel.plt)

.rela.plt
 *(.rela.plt)

.text           0x00000000      0x472
 *(.vectors)
 .vectors       0x00000000       0x54 C:/avr-gcc/bin/../lib/gcc/avr/15.2.0/../../../../avr/lib/avr5/crtatmega32.o
                0x00000000                __vector_default
                0x00000000                __vectors
 *(.vectors)
                0x00000054                        __progmem_start = .
 *(.progmem)
 *(.progmem.*)
                0x00000054                        __progmem_end = .
                0x00000001                        ASSERT (((__progmem_start == __progmem_end) || (__progmem_end <= 0x10000)), .progmem section exceeds 0x10000)
                0x00000054                        . = ALIGN (0x2)
                0x00000054                        __trampolines_start = .
 *(.trampolines)
 .trampolines   0x00000054        0x0 linker stubs
 *(.trampolines*)
                0x00000054                        __trampolines_end = .
                0x00000054                        . = ALIGN (0x2)
 *(.lowtext)
 *(.lowtext*)
                0x00000054                        __ctors_start = .
 *(.ctors)
                0x00000054                        __ctors_end = .
                0x00000054                        __dtors_start = .
 *(.dtors)
                0x00000054                        __dtors_end = .
 SORT_BY_NAME(*)(.ctors)
 SORT_BY_NAME(*)(.dtors)
 *(.init0)
 .init0         0x00000054        0x0 C:/avr-gcc/bin/../lib/gcc/avr/15.2.0/../../../../avr/lib/avr5/crtatmega32.o
                0x00000054                __init
 *(.init0)
 *(.init1)
 *(.init1)
 *(.init2)
 .init2         0x00000054        0xc C:/avr-gcc/bin/../lib/gcc/avr/15.2.0/../../../../avr/lib/avr5/crtatmega32.o
 *(.init2)
 *(.init3)
 *(.init3)
 *(.init4)
 .init4         0x00000060       0x16 C:/avr-gcc/bin/../lib/gcc/avr/15.2.0/avr5\libgcc.a(_copy_data.o)
                0x00000060                __do_copy_data
 .init4         0x00000076       0x10 C:/avr-gcc/bin/../lib/gcc/avr/15.2.0/avr5\libgcc.a(_clear_bss.o)
                0x00000076                __do_clear_bss
 *(.init4)
 *(.init5)
 *(.init5)
 *(.init6)
 *(.init6)
 *(.init7)
 *(.init7)
 *(.init8)
 *(.init8)
 *(.init9)
 .init9         0x00000086        0x8 C:/avr-gcc/bin/../lib/gcc/avr/15.2.0/../../../../avr/lib/avr5/crtatmega32.o
 *(.init9)
 *(.text)
 .text          0x0000008e        0x4 C:/avr-gcc/bin/../lib/gcc/avr/15.2.0/../../../../avr/lib/avr5/crtatmega32.o
                0x0000008e                __vector_12
                0x0000008e                __bad_interrupt
                0x0000008e                __vector_11
                0x0000008e                __vector_13
                0x0000008e                __vector_17
                0x0000008e                __vector_19
                0x0000008e                __vector_7
                0x0000008e                __vector_5
                0x0000008e                __vector_4
                0x0000008e                __vector_15
                0x0000008e                __vector_8
                0x0000008e                __vector_14
                0x0000008e                __vector_16
                0x0000008e                __vector_18
                0x0000008e                __vector_20
                0x00000092                        . = ALIGN (0x2)
 *(.text.*)
 .text.UART_init
                0x00000092       0x10 build/main.o
                0x00000092                UART_init
 .text.UART_sendChar
                0x000000a2        0x8 build/main.o
                0x000000a2                UART_sendChar
 .text.UART_sendString
                0x000000aa       0x1a build/main.o
                0x000000aa                UART_sendString
 .text.UART_sendNumber
                0x000000c4       0x3a build/main.o
                0x000000c4                UART_sendNumber
 .text.ADC_init
                0x000000fe        0xa build/main.o
                0x000000fe                ADC_init
 .text.ADC_read
                0x00000108       0x16 build/main.o
                0x00000108                ADC_read
 .text.startup.main
                0x0000011e       0x82 build/main.o
                0x0000011e                main
 .text.__vector_1
                0x000001a0       0x5a build/MCAL/INTERRUPT/INTERRUPT.o
                0x000001a0                __vector_1
 .text.__vector_2
                0x000001fa       0x5a build/MCAL/INTERRUPT/INTERRUPT.o
                0x000001fa                __vector_2
 .text.__vector_3
                0x00000254       0x5a build/MCAL/INTERRUPT/INTERRUPT.o
                0x00000254                __vector_3
 .text.__vector_10
                0x000002ae       0x86 build/MCAL/TIMER/TIMER.o
                0x000002ae                __vector_10
 .text.__vector_6
                0x00000334       0x92 build/MCAL/TIMER/TIMER.o
                0x00000334                __vector_6
 .text.__vector_9
                0x000003c6       0x3e build/MCAL/TIMER/TIMER.o
                0x000003c6                __vector_9
 .text.avr-libc
                0x00000404       0x16 C:/avr-gcc/bin/../lib/gcc/avr/15.2.0/../../../../avr/lib/avr5\libc.a(itoa_ncheck.o)
                0x00000404                __itoa_ncheck
 .text.avr-libc
                0x0000041a       0x34 C:/avr-gcc/bin/../lib/gcc/avr/15.2.0/../../../../avr/lib/avr5\libc.a(utoa_ncheck.o)
                0x0000041a                __utoa_ncheck
                0x0000041c                __utoa_common
 .text.avr-libc
                0x0000044e       0x20 C:/avr-gcc/bin/../lib/gcc/avr/15.2.0/../../../../avr/lib/avr5\libc.a(strrev.o)
                0x0000044e                strrev
                0x0000046e                        . = ALIGN (0x2)
 *(.fini9)
 .fini9         0x0000046e        0x0 C:/avr-gcc/bin/../lib/gcc/avr/15.2.0/avr5\libgcc.a(_exit.o)
                0x0000046e                _exit
                0x0000046e                exit
 *(.fini9)
 *(.fini8)
 *(.fini8)
 *(.fini7)
 *(.fini7)
 *(.fini6)
 *(.fini6)
 *(.fini5)
 *(.fini5)
 *(.fini4)
 *(.fini4)
 *(.fini3)
 *(.fini3)
 *(.fini2)
 *(.fini2)
 *(.fini1)
 *(.fini1)
 *(.fini0)
 .fini0         0x0000046e        0x4 C:/avr-gcc/bin/../lib/gcc/avr/15.2.0/avr5\libgcc.a(_exit.o)
 *(.fini0)
 *(.hightext)
 *(.hightext*)
 *(.progmemx)
 *(.progmemx.*)
                0x00000472                        . = ALIGN (0x2)
 *(.jumptables)
 *(.jumptables*)
                0x00000472                        _etext = .

.data           0x00800060       0x20 load address 0x00000472
                0x00800060                        PROVIDE (__data_start = .)
 *(.data)
 *(.data*)
 *(.gnu.linkonce.d*)
 *(.rodata)
 *(.rodata*)
 .rodata.main.str1.1
                0x00800060       0x20 build/main.o
                                 0x23 (size before relaxing)
 *(.gnu.linkonce.r*)
                0x00800080                        . = ALIGN (0x2)
                0x00800080                        _edata = .
                0x00800080                        PROVIDE (__data_end = .)

.bss            0x00800080       0x25
                0x00800080                        PROVIDE (__bss_start = .)
 *(.bss)
 *(.bss*)
 .bss.callback  0x00800080        0x6 build/MCAL/INTERRUPT/INTERRUPT.o
 .bss.Timer1_OverflowCount
                0x00800086        0x2 build/MCAL/TIMER/TIMER.o
 .bss.Timer1_Asystole
                0x00800088        0x1 build/MCAL/TIMER/TIMER.o
 .bss.Timer1_CaptureReady
                0x00800089        0x1 build/MCAL/TIMER/TIMER.o
 .bss.Timer1_CaptureCount
                0x0080008a        0x1 build/MCAL/TIMER/TIMER.o
 .bss.Timer1_RingIndex
                0x0080008b        0x1 build/MCAL/TIMER/TIMER.o
 .bss.Timer1_LastCapture
                0x0080008c        0x2 build/MCAL/TIMER/TIMER.o
 .bss.Timer1_Intervals
                0x0080008e       0x10 build/MCAL/TIMER/TIMER.o
 .bss.Timer0_TickPending
                0x0080009e        0x1 build/MCAL/TIMER/TIMER.o
 .bss.Timer0_Callback
                0x0080009f        0x2 build/MCAL/TIMER/TIMER.o
 .bss.Timer0_Ticks
                0x008000a1        0x4 build/MCAL/TIMER/TIMER.o
 *(COMMON)
                0x008000a5                        PROVIDE (__bss_end = .)
                0x00000472                        __data_load_start = LOADADDR (.data)
                0x00000492                        __data_load_end = (__data_load_start + SIZEOF (.data))

.noinit         0x008000a5        0x0
                [!provide]                        PROVIDE (__noinit_start = .)
 *(.noinit .noinit.* .gnu.linkonce.n.*)
                [!provide]                        PROVIDE (__noinit_end = .)
                0x008000a5                        _end = .
                [!provide]                        PROVIDE (__heap_start = .)
                0x00000000                        __flmap_init_label = DEFINED (__flmap_noinit_start)?__flmap_noinit_start:0x0
                0x00000000                        __flmap = DEFINED (__flmap)?__flmap:0x0

.eeprom         0x00810000        0x0
 *(.eeprom*)
                0x00810000                        __eeprom_end = .

.fuse
 *(.fuse)
 *(.lfuse)
 *(.hfuse)
 *(.efuse)

.lock
 *(.lock*)

.signature
 *(.signature*)

.stab
 *(.stab)

.stabstr
 *(.stabstr)

.stab.excl
 *(.stab.excl)

.stab.exclstr
 *(.stab.exclstr)

.stab.index
 *(.stab.index)

.stab.indexstr
 *(.stab.indexstr)

.comment        0x00000000       0x24
 *(.comment)
 .comment       0x00000000       0x24 build/main.o
                                 0x13 (size before relaxing)
 .comment       0x00000024        0x0 build/MCAL/INTERRUPT/INTERRUPT.o
                                 0x13 (size before relaxing)
 .comment       0x00000024        0x0 build/MCAL/TIMER/TIMER.o
                                 0x13 (size before relaxing)

.note.gnu.avr.deviceinfo
                0x00000000       0x3c
 .note.gnu.avr.deviceinfo
                0x00000000       0x3c C:/avr-gcc/bin/../lib/gcc/avr/15.2.0/../../../../avr/lib/avr5/crtatmega32.o

.gnu.build.attributes
 *(.gnu.build.attributes .gnu.build.attributes.*)

.note.gnu.build-id
 *(.note.gnu.build-id)

.debug
 *(.debug)

.line
 *(.line)

.debug_srcinfo
 *(.debug_srcinfo)

.debug_sfnames
 *(.debug_sfnames)

.debug_aranges  0x00000000       0x60
 *(.debug_aranges)
 .debug_aranges
                0x00000000       0x20 C:/avr-gcc/bin/../lib/gcc/avr/15.2.0/avr5\libgcc.a(_exit.o)
 .debug_aranges
                0x00000020       0x20 C:/avr-gcc/bin/../lib/gcc/avr/15.2.0/avr5\libgcc.a(_copy_data.o)
 .debug_aranges
                0x00000040       0x20 C:/avr-gcc/bin/../lib/gcc/avr/15.2.0/avr5\libgcc.a(_clear_bss.o)

.debug_pubnames
 *(.debug_pubnames)

.debug_info     0x00000000      0x552
 *(.debug_info .gnu.linkonce.wi.*)
 .debug_info    0x00000000      0x4e6 C:/avr-gcc/bin/../lib/gcc/avr/15.2.0/../../../../avr/lib/avr5/crtatmega32.o
 .debug_info    0x000004e6       0x24 C:/avr-gcc/bin/../lib/gcc/avr/15.2.0/avr5\libgcc.a(_exit.o)
 .debug_info    0x0000050a       0x24 C:/avr-gcc/bin/../lib/gcc/avr/15.2.0/avr5\libgcc.a(_copy_data.o)
 .debug_info    0x0000052e       0x24 C:/avr-gcc/bin/../lib/gcc/avr/15.2.0/avr5\libgcc.a(_clear_bss.o)

.debug_abbrev   0x00000000      0x4df
 *(.debug_abbrev)
 .debug_abbrev  0x00000000      0x4a3 C:/avr-gcc/bin/../lib/gcc/avr/15.2.0/../../../../avr/lib/avr5/crtatmega32.o
 .debug_abbrev  0x000004a3       0x14 C:/avr-gcc/bin/../lib/gcc/avr/15.2.0/avr5\libgcc.a(_exit.o)
 .debug_abbrev  0x000004b7       0x14 C:/avr-gcc/bin/../lib/gcc/avr/15.2.0/avr5\libgcc.a(_copy_data.o)
 .debug_abbrev  0x000004cb       0x14 C:/avr-gcc/bin/../lib/gcc/avr/15.2.0/avr5\libgcc.a(_clear_bss.o)

.debug_line     0x00000000      0x16a
 *(.debug_line .debug_line.* .debug_line_end)
 .debug_line    0x00000000       0x1d C:/avr-gcc/bin/../lib/gcc/avr/15.2.0/../../../../avr/lib/avr5/crtatmega32.o
 .debug_line    0x0000001d       0x51 C:/avr-gcc/bin/../lib/gcc/avr/15.2.0/avr5\libgcc.a(_exit.o)
 .debug_line    0x0000006e       0x87 C:/avr-gcc/bin/../lib/gcc/avr/15.2.0/avr5\libgcc.a(_copy_data.o)
 .debug_line    0x000000f5       0x75 C:/avr-gcc/bin/../lib/gcc/avr/15.2.0/avr5\libgcc.a(_clear_bss.o)

.debug_frame
 *(.debug_frame)

.debug_str      0x00000000      0x1fe
 *(.debug_str)
 .debug_str     0x00000000      0x196 C:/avr-gcc/bin/../lib/gcc/avr/15.2.0/../../../../avr/lib/avr5/crtatmega32.o
 .debug_str     0x00000196       0x68 C:/avr-gcc/bin/../lib/gcc/avr/15.2.0/avr5\libgcc.a(_exit.o)
 .debug_str     0x000001fe        0x0 C:/avr-gcc/bin/../lib/gcc/avr/15.2.0/avr5\libgcc.a(_copy_data.o)
                                 0x68 (size before relaxing)
 .debug_str     0x000001fe        0x0 C:/avr-gcc/bin/../lib/gcc/avr/15.2.0/avr5\libgcc.a(_clear_bss.o)
                                 0x68 (size before relaxing)

.debug_loc
 *(.debug_loc)

.debug_macinfo
 *(.debug_macinfo)

.debug_weaknames
 *(.debug_weaknames)

.debug_funcnames
 *(.debug_funcnames)

.debug_typenames
 *(.debug_typenames)

.debug_varnames
 *(.debug_varnames)

.debug_pubtypes
 *(.debug_pubtypes)

.debug_ranges
 *(.debug_ranges)

.debug_addr
 *(.debug_addr)

.debug_line_str
                0x00000000       0x5c
 *(.debug_line_str)
 .debug_line_str
                0x00000000       0x5c C:/avr-gcc/bin/../lib/gcc/avr/15.2.0/avr5\libgcc.a(_exit.o)
 .debug_line_str
                0x0000005c        0x0 C:/avr-gcc/bin/../lib/gcc/avr/15.2.0/avr5\libgcc.a(_copy_data.o)
                                 0x5c (size before relaxing)
 .debug_line_str
                0x0000005c        0x0 C:/avr-gcc/bin/../lib/gcc/avr/15.2.0/avr5\libgcc.a(_clear_bss.o)
                                 0x5c (size before relaxing)

.debug_loclists
 *(.debug_loclists)

.debug_macro
 *(.debug_macro)

.debug_names
 *(.debug_names)

.debug_rnglists
 *(.debug_rnglists)

.debug_str_offsets
 *(.debug_str_offsets)

.debug_sup
 *(.debug_sup)
OUTPUT(build/program.elf elf32-avr)
LOAD linker stubs
