Archive member included to satisfy reference by file (symbol)

C:/avr-gcc/bin/../lib/gcc/avr/15.2.0/avr5\libgcc.a(_umulhisi3.o)
                              build/HAL/Vitals/vitals.o (__umulhisi3)
C:/avr-gcc/bin/../lib/gcc/avr/15.2.0/avr5\libgcc.a(_udivmodhi4.o)
                              build/main.o (__udivmodhi4)
C:/avr-gcc/bin/../lib/gcc/avr/15.2.0/avr5\libgcc.a(_divmodhi4.o)
                              build/HAL/Vitals/vitals.o (__divmodhi4)
C:/avr-gcc/bin/../lib/gcc/avr/15.2.0/avr5\libgcc.a(_udivmodsi4.o)
                              build/HAL/HR_Capture/HR_Capture.o (__udivmodsi4)
C:/avr-gcc/bin/../lib/gcc/avr/15.2.0/avr5\libgcc.a(_exit.o)
                              C:/avr-gcc/bin/../lib/gcc/avr/15.2.0/../../../../avr/lib/avr5/crtatmega32.o (exit)
C:/avr-gcc/bin/../lib/gcc/avr/15.2.0/avr5\libgcc.a(_copy_data.o)
                              build/HAL/LCD_I2C/LCD_I2C.o (__do_copy_data)
C:/avr-gcc/bin/../lib/gcc/avr/15.2.0/avr5\libgcc.a(_clear_bss.o)
                              build/HAL/Annunciator/Annunciator_audio.o (__do_clear_bss)
C:/avr-gcc/bin/../lib/gcc/avr/15.2.0/../../../../avr/lib/avr5\libc.a(strncmp.o)
                              build/Logic/console/console.o (strncmp)
C:/avr-gcc/bin/../lib/gcc/avr/15.2.0/../../../../avr/lib/avr5\libc.a(strstr.o)
                              build/Logic/console/console.o (strstr)
C:/avr-gcc/bin/../lib/gcc/avr/15.2.0/../../../../avr/lib/avr5\libc.a(sprintf.o)
                              build/Logic/trends/trends.o (sprintf)
C:/avr-gcc/bin/../lib/gcc/avr/15.2.0/../../../../avr/lib/avr5\libc.a(vfprintf_std.o)
                              C:/avr-gcc/bin/../lib/gcc/avr/15.2.0/../../../../avr/lib/avr5\libc.a(sprintf.o) (vfprintf)
C:/avr-gcc/bin/../lib/gcc/avr/15.2.0/../../../../avr/lib/avr5\libc.a(strnlen_P.o)
                              C:/avr-gcc/bin/../lib/gcc/avr/15.2.0/../../../../avr/lib/avr5\libc.a(vfprintf_std.o) (strnlen_P)
C:/avr-gcc/bin/../lib/gcc/avr/15.2.0/../../../../avr/lib/avr5\libc.a(strnlen.o)
                              C:/avr-gcc/bin/../lib/gcc/avr/15.2.0/../../../../avr/lib/avr5\libc.a(vfprintf_std.o) (strnlen)
C:/avr-gcc/bin/../lib/gcc/avr/15.2.0/../../../../avr/lib/avr5\libc.a(fputc.o)
                              C:/avr-gcc/bin/../lib/gcc/avr/15.2.0/../../../../avr/lib/avr5\libc.a(vfprintf_std.o) (fputc)
C:/avr-gcc/bin/../lib/gcc/avr/15.2.0/../../../../avr/lib/avr5\libc.a(ultoa_invert.o)
                              C:/avr-gcc/bin/../lib/gcc/avr/15.2.0/../../../../avr/lib/avr5\libc.a(vfprintf_std.o) (__ultoa_invert)
C:/avr-gcc/bin/../lib/gcc/avr/15.2.0/avr5\libgcc.a(_negsi2.o)
                              C:/avr-gcc/bin/../lib/gcc/avr/15.2.0/../../../../avr/lib/avr5\libc.a(vfprintf_std.o) (__negsi2)
C:/avr-gcc/bin/../lib/gcc/avr/15.2.0/avr5\libgcc.a(_prologue.o)
                              C:/avr-gcc/bin/../lib/gcc/avr/15.2.0/../../../../avr/lib/avr5\libc.a(sprintf.o) (__prologue_saves__)
C:/avr-gcc/bin/../lib/gcc/avr/15.2.0/avr5\libgcc.a(_epilogue.o)
                              C:/avr-gcc/bin/../lib/gcc/avr/15.2.0/../../../../avr/lib/avr5\libc.a(sprintf.o) (__epilogue_restores__)

Discarded input sections

 .data          0x00000000        0x0 C:/avr-gcc/bin/../lib/gcc/avr/15.2.0/../../../../avr/lib/avr5/crtatmega32.o
 .bss           0x00000000        0x0 C:/avr-gcc/bin/../lib/gcc/avr/15.2.0/../../../../avr/lib/avr5/crtatmega32.o
 .text          0x00000000        0x0 build/main.o
 .data          0x00000000        0x0 build/main.o
 .bss           0x00000000        0x0 build/main.o
 .text          0x00000000        0x0 build/LIB/ring_buffer.o
 .data          0x00000000        0x0 build/LIB/ring_buffer.o
 .bss           0x00000000        0x0 build/LIB/ring_buffer.o
 .text.RingBuffer_Init
                0x00000000       0x22 build/LIB/ring_buffer.o
 .text.RingBuffer_IsFull
                0x00000000       0x1a build/LIB/ring_buffer.o
 .text.RingBuffer_Push
                0x00000000       0x7a build/LIB/ring_buffer.o
 .text.RingBuffer_IsEmpty
                0x00000000       0x16 build/LIB/ring_buffer.o
 .text.RingBuffer_Pop
                0x00000000       0x62 build/LIB/ring_buffer.o
 .comment       0x00000000       0x13 build/LIB/ring_buffer.o
 .text          0x00000000        0x0 build/HAL/Annunciator/Annunciator_audio.o
 .data          0x00000000        0x0 build/HAL/Annunciator/Annunciator_audio.o
 .bss           0x00000000        0x0 build/HAL/Annunciator/Annunciator_audio.o
 .text.ANN_Audio_Unmute
                0x00000000       0x10 build/HAL/Annunciator/Annunciator_audio.o
 .text          0x00000000        0x0 build/HAL/Annunciator/Annunciator_visual.o
 .data          0x00000000        0x0 build/HAL/Annunciator/Annunciator_visual.o
 .bss           0x00000000        0x0 build/HAL/Annunciator/Annunciator_visual.o
 .text.ANN_Visual_TriggerHeartbeat
                0x00000000       0x10 build/HAL/Annunciator/Annunciator_visual.o
 .text          0x00000000        0x0 build/HAL/HR_Capture/HR_Capture.o
 .data          0x00000000        0x0 build/HAL/HR_Capture/HR_Capture.o
 .bss           0x00000000        0x0 build/HAL/HR_Capture/HR_Capture.o
 .text.HRC_OnOverflow
                0x00000000       0x18 build/HAL/HR_Capture/HR_Capture.o
 .text.HRC_GetBpm
                0x00000000        0xa build/HAL/HR_Capture/HR_Capture.o
 .text.HRC_GetHrvMs
                0x00000000        0xa build/HAL/HR_Capture/HR_Capture.o
 .text.HRC_IsAsystole
                0x00000000       0x1a build/HAL/HR_Capture/HR_Capture.o
 .text          0x00000000        0x0 build/HAL/KeyPad/KeyPad.o
 .data          0x00000000        0x0 build/HAL/KeyPad/KeyPad.o
 .bss           0x00000000        0x0 build/HAL/KeyPad/KeyPad.o
 .text.KeyPad_Init
                0x00000000       0x16 build/HAL/KeyPad/KeyPad.o
 .text.KeyPad_GetPressedKey
                0x00000000       0xc8 build/HAL/KeyPad/KeyPad.o
 .comment       0x00000000       0x13 build/HAL/KeyPad/KeyPad.o
 .text          0x00000000        0x0 build/HAL/LCD_I2C/LCD_I2C.o
 .data          0x00000000        0x0 build/HAL/LCD_I2C/LCD_I2C.o
 .bss           0x00000000        0x0 build/HAL/LCD_I2C/LCD_I2C.o
 .text.PCF8574_Write
                0x00000000       0x36 build/HAL/LCD_I2C/LCD_I2C.o
 .text.LCD_PulseNibble
                0x00000000       0x20 build/HAL/LCD_I2C/LCD_I2C.o
 .text.LCD_WriteByte
                0x00000000       0x36 build/HAL/LCD_I2C/LCD_I2C.o
 .text.LCD_I2C_Init
                0x00000000       0xba build/HAL/LCD_I2C/LCD_I2C.o
 .text.LCD_I2C_Clear
                0x00000000       0x16 build/HAL/LCD_I2C/LCD_I2C.o
 .text.LCD_I2C_Home
                0x00000000       0x16 build/HAL/LCD_I2C/LCD_I2C.o
 .text.LCD_I2C_SetCursor
                0x00000000       0x20 build/HAL/LCD_I2C/LCD_I2C.o
 .text.LCD_I2C_WriteChar
                0x00000000        0x6 build/HAL/LCD_I2C/LCD_I2C.o
 .text.LCD_I2C_WriteString
                0x00000000       0x2c build/HAL/LCD_I2C/LCD_I2C.o
 .text.LCD_I2C_WriteStringAt
                0x00000000       0x34 build/HAL/LCD_I2C/LCD_I2C.o
 .text.LCD_I2C_WriteNumber
                0x00000000       0xb2 build/HAL/LCD_I2C/LCD_I2C.o
 .text.LCD_I2C_BacklightOn
                0x00000000        0xa build/HAL/LCD_I2C/LCD_I2C.o
 .text.LCD_I2C_BacklightOff
                0x00000000        0xa build/HAL/LCD_I2C/LCD_I2C.o
 .data.g_u8Backlight
                0x00000000        0x1 build/HAL/LCD_I2C/LCD_I2C.o
 .comment       0x00000000       0x13 build/HAL/LCD_I2C/LCD_I2C.o
 .text          0x00000000        0x0 build/HAL/NurseCall/NurseCall.o
 .data          0x00000000        0x0 build/HAL/NurseCall/NurseCall.o
 .bss           0x00000000        0x0 build/HAL/NurseCall/NurseCall.o
 .text          0x00000000        0x0 build/HAL/Panel/Panel.o
 .data          0x00000000        0x0 build/HAL/Panel/Panel.o
 .bss           0x00000000        0x0 build/HAL/Panel/Panel.o
 .text.Panel_Init
                0x00000000       0x76 build/HAL/Panel/Panel.o
 .text.Panel_Update
                0x00000000       0xbc build/HAL/Panel/Panel.o
 .text.Panel_IsPressed
                0x00000000       0x16 build/HAL/Panel/Panel.o
 .text.Panel_IsSilenceActive
                0x00000000       0x12 build/HAL/Panel/Panel.o
 .bss.g_u16SilenceTimer
                0x00000000        0x2 build/HAL/Panel/Panel.o
 .bss.g_au8Pressed
                0x00000000        0x5 build/HAL/Panel/Panel.o
 .bss.g_au8Stable
                0x00000000        0x5 build/HAL/Panel/Panel.o
 .bss.g_au8Debounce
                0x00000000        0x5 build/HAL/Panel/Panel.o
 .comment       0x00000000       0x13 build/HAL/Panel/Panel.o
 .text          0x00000000        0x0 build/HAL/SevenSegment/SevenSegment.o
 .data          0x00000000        0x0 build/HAL/SevenSegment/SevenSegment.o
 .bss           0x00000000        0x0 build/HAL/SevenSegment/SevenSegment.o
 .text.SevenSegment_Init
                0x00000000       0x16 build/HAL/SevenSegment/SevenSegment.o
 .rodata.SevenSegment_Display.str1.1
                0x00000000        0xb build/HAL/SevenSegment/SevenSegment.o
 .text.SevenSegment_Display
                0x00000000       0x54 build/HAL/SevenSegment/SevenSegment.o
 .comment       0x00000000       0x13 build/HAL/SevenSegment/SevenSegment.o
 .text          0x00000000        0x0 build/HAL/ShiftReg/ShiftReg.o
 .data          0x00000000        0x0 build/HAL/ShiftReg/ShiftReg.o
 .bss           0x00000000        0x0 build/HAL/ShiftReg/ShiftReg.o
 .text          0x00000000        0x0 build/HAL/Vitals/vitals.o
 .data          0x00000000        0x0 build/HAL/Vitals/vitals.o
 .bss           0x00000000        0x0 build/HAL/Vitals/vitals.o
 .text.Vitals_Init
                0x00000000        0x8 build/HAL/Vitals/vitals.o
 .text.Vitals_Read
                0x00000000      0x188 build/HAL/Vitals/vitals.o
 .comment       0x00000000       0x13 build/HAL/Vitals/vitals.o
 .text          0x00000000        0x0 build/Logic/console/console.o
 .data          0x00000000        0x0 build/Logic/console/console.o
 .bss           0x00000000        0x0 build/Logic/console/console.o
 .text.CONSOLE_Init
                0x00000000       0x18 build/Logic/console/console.o
 .rodata.CONSOLE_Task.str1.1
                0x00000000       0xa0 build/Logic/console/console.o
 .text.CONSOLE_Task
                0x00000000      0x14c build/Logic/console/console.o
 .bss.overflow_flag
                0x00000000        0x1 build/Logic/console/console.o
 .bss.line_length
                0x00000000        0x1 build/Logic/console/console.o
 .bss.line_buffer
                0x00000000       0x29 build/Logic/console/console.o
 .comment       0x00000000       0x13 build/Logic/console/console.o
 .text          0x00000000        0x0 build/Logic/trends/trends.o
 .data          0x00000000        0x0 build/Logic/trends/trends.o
 .bss           0x00000000        0x0 build/Logic/trends/trends.o
 .text.Trends_Init
                0x00000000       0x28 build/Logic/trends/trends.o
 .text.Task_Trend
                0x00000000       0x90 build/Logic/trends/trends.o
 .text.Trends_GetCount
                0x00000000        0x6 build/Logic/trends/trends.o
 .rodata.Trends_GetSampleLine.str1.1
                0x00000000        0xe build/Logic/trends/trends.o
 .text.Trends_GetSampleLine
                0x00000000       0x7a build/Logic/trends/trends.o
 .bss.trend_count
                0x00000000        0x1 build/Logic/trends/trends.o
 .bss.trend_head
                0x00000000        0x1 build/Logic/trends/trends.o
 .bss.trend_buffer
                0x00000000      0x1e0 build/Logic/trends/trends.o
 .comment       0x00000000       0x13 build/Logic/trends/trends.o
 .text          0x00000000        0x0 build/MCAL/ADC/ADC.o
 .data          0x00000000        0x0 build/MCAL/ADC/ADC.o
 .bss           0x00000000        0x0 build/MCAL/ADC/ADC.o
 .text.ADC_Init
                0x00000000       0x2a build/MCAL/ADC/ADC.o
 .text.ADC_ReadChannel
                0x00000000       0x30 build/MCAL/ADC/ADC.o
 .text.ADC_StartConversion
                0x00000000       0x1a build/MCAL/ADC/ADC.o
 .text.ADC_GetResult
                0x00000000       0x20 build/MCAL/ADC/ADC.o
 .text.ADC_SetInterrupt
                0x00000000       0x18 build/MCAL/ADC/ADC.o
 .comment       0x00000000       0x13 build/MCAL/ADC/ADC.o
 .text          0x00000000        0x0 build/MCAL/GPIO/GPIO.o
 .data          0x00000000        0x0 build/MCAL/GPIO/GPIO.o
 .bss           0x00000000        0x0 build/MCAL/GPIO/GPIO.o
 .text.GPIO_GetPinValue
                0x00000000       0x44 build/MCAL/GPIO/GPIO.o
 .text.GPIO_TogglePinValue
                0x00000000       0x4c build/MCAL/GPIO/GPIO.o
 .text.GPIO_SetPortDirection
                0x00000000       0x2a build/MCAL/GPIO/GPIO.o
 .text.GPIO_SetPortValue
                0x00000000       0x2a build/MCAL/GPIO/GPIO.o
 .text.GPIO_GetPortValue
                0x00000000       0x32 build/MCAL/GPIO/GPIO.o
 .text          0x00000000        0x0 build/MCAL/I2C/I2C.o
 .data          0x00000000        0x0 build/MCAL/I2C/I2C.o
 .bss           0x00000000        0x0 build/MCAL/I2C/I2C.o
 .text.I2C_InitMaster
                0x00000000       0x54 build/MCAL/I2C/I2C.o
 .text.I2C_SendStart
                0x00000000       0x2e build/MCAL/I2C/I2C.o
 .text.I2C_SendRepeatedStart
                0x00000000       0x2e build/MCAL/I2C/I2C.o
 .text.I2C_SendStop
                0x00000000       0x1a build/MCAL/I2C/I2C.o
 .text.I2C_SendSlaveAddressWithWrite
                0x00000000       0x38 build/MCAL/I2C/I2C.o
 .text.I2C_SendSlaveAddressWithRead
                0x00000000       0x3a build/MCAL/I2C/I2C.o
 .text.I2C_SendByte
                0x00000000       0x30 build/MCAL/I2C/I2C.o
 .text.I2C_ReceiveByte
                0x00000000       0x68 build/MCAL/I2C/I2C.o
 .comment       0x00000000       0x13 build/MCAL/I2C/I2C.o
 .text          0x00000000        0x0 build/MCAL/INTERRUPT/INTERRUPT.o
 .data          0x00000000        0x0 build/MCAL/INTERRUPT/INTERRUPT.o
 .bss           0x00000000        0x0 build/MCAL/INTERRUPT/INTERRUPT.o
 .text.EXTI_ClearFlag
                0x00000000       0x24 build/MCAL/INTERRUPT/INTERRUPT.o
 .text.EXTI_SetSense
                0x00000000       0x4c build/MCAL/INTERRUPT/INTERRUPT.o
 .text.EXTI_Enable
                0x00000000       0x30 build/MCAL/INTERRUPT/INTERRUPT.o
 .text.EXTI_Disable
                0x00000000       0x2a build/MCAL/INTERRUPT/INTERRUPT.o
 .text.EXTI_SetCallback
                0x00000000       0x26 build/MCAL/INTERRUPT/INTERRUPT.o
 .text          0x00000000        0x0 build/MCAL/SPI/SPI.o
 .data          0x00000000        0x0 build/MCAL/SPI/SPI.o
 .bss           0x00000000        0x0 build/MCAL/SPI/SPI.o
 .text.SPI_Transceive
                0x00000000       0x20 build/MCAL/SPI/SPI.o
 .text.SPI_SelectSlave
                0x00000000       0x2c build/MCAL/SPI/SPI.o
 .text.SPI_ReleaseSlave
                0x00000000        0xc build/MCAL/SPI/SPI.o
 .text          0x00000000        0x0 build/MCAL/TIMER/TIMER.o
 .data          0x00000000        0x0 build/MCAL/TIMER/TIMER.o
 .bss           0x00000000        0x0 build/MCAL/TIMER/TIMER.o
 .text.TIMER0_SetCallback
                0x00000000       0x18 build/MCAL/TIMER/TIMER.o
 .text          0x00000000        0x0 build/MCAL/UART/UART.o
 .data          0x00000000        0x0 build/MCAL/UART/UART.o
 .bss           0x00000000        0x0 build/MCAL/UART/UART.o
 .text.UART_Init
                0x00000000       0x42 build/MCAL/UART/UART.o
 .text.UART_SendByte
                0x00000000        0xc build/MCAL/UART/UART.o
 .text.UART_ReceiveByte
                0x00000000       0x1a build/MCAL/UART/UART.o
 .text.UART_SendString
                0x00000000       0x26 build/MCAL/UART/UART.o
 .text.UART_IsDataReady
                0x00000000       0x12 build/MCAL/UART/UART.o
 .text.UART_SetRxInterrupt
                0x00000000       0x10 build/MCAL/UART/UART.o
 .text.UART_SetTxInterrupt
                0x00000000       0x10 build/MCAL/UART/UART.o
 .comment       0x00000000       0x13 build/MCAL/UART/UART.o
 .text          0x00000000        0x0 C:/avr-gcc/bin/../lib/gcc/avr/15.2.0/avr5\libgcc.a(_umulhisi3.o)
 .data          0x00000000        0x0 C:/avr-gcc/bin/../lib/gcc/avr/15.2.0/avr5\libgcc.a(_umulhisi3.o)
 .bss           0x00000000        0x0 C:/avr-gcc/bin/../lib/gcc/avr/15.2.0/avr5\libgcc.a(_umulhisi3.o)
 .text.libgcc.mul
                0x00000000       0x1e C:/avr-gcc/bin/../lib/gcc/avr/15.2.0/avr5\libgcc.a(_umulhisi3.o)
 .text.libgcc.div
                0x00000000        0x0 C:/avr-gcc/bin/../lib/gcc/avr/15.2.0/avr5\libgcc.a(_umulhisi3.o)
 .text.libgcc   0x00000000        0x0 C:/avr-gcc/bin/../lib/gcc/avr/15.2.0/avr5\libgcc.a(_umulhisi3.o)
 .text.libgcc.prologue
                0x00000000        0x0 C:/avr-gcc/bin/../lib/gcc/avr/15.2.0/avr5\libgcc.a(_umulhisi3.o)
 .text.libgcc.builtins
                0x00000000        0x0 C:/avr-gcc/bin/../lib/gcc/avr/15.2.0/avr5\libgcc.a(_umulhisi3.o)
 .text.libgcc.fmul
                0x00000000        0x0 C:/avr-gcc/bin/../lib/gcc/avr/15.2.0/avr5\libgcc.a(_umulhisi3.o)
 .text.libgcc.fixed
                0x00000000        0x0 C:/avr-gcc/bin/../lib/gcc/avr/15.2.0/avr5\libgcc.a(_umulhisi3.o)
 .debug_line    0x00000000       0x9f C:/avr-gcc/bin/../lib/gcc/avr/15.2.0/avr5\libgcc.a(_umulhisi3.o)
 .debug_line_str
                0x00000000       0x5c C:/avr-gcc/bin/../lib/gcc/avr/15.2.0/avr5\libgcc.a(_umulhisi3.o)
 .debug_info    0x00000000       0x24 C:/avr-gcc/bin/../lib/gcc/avr/15.2.0/avr5\libgcc.a(_umulhisi3.o)
 .debug_abbrev  0x00000000       0x14 C:/avr-gcc/bin/../lib/gcc/avr/15.2.0/avr5\libgcc.a(_umulhisi3.o)
 .debug_aranges
                0x00000000       0x20 C:/avr-gcc/bin/../lib/gcc/avr/15.2.0/avr5\libgcc.a(_umulhisi3.o)
 .debug_str     0x00000000       0x68 C:/avr-gcc/bin/../lib/gcc/avr/15.2.0/avr5\libgcc.a(_umulhisi3.o)
 .text          0x00000000        0x0 C:/avr-gcc/bin/../lib/gcc/avr/15.2.0/avr5\libgcc.a(_udivmodhi4.o)
 .data          0x00000000        0x0 C:/avr-gcc/bin/../lib/gcc/avr/15.2.0/avr5\libgcc.a(_udivmodhi4.o)
 .bss           0x00000000        0x0 C:/avr-gcc/bin/../lib/gcc/avr/15.2.0/avr5\libgcc.a(_udivmodhi4.o)
 .text.libgcc.mul
                0x00000000        0x0 C:/avr-gcc/bin/../lib/gcc/avr/15.2.0/avr5\libgcc.a(_udivmodhi4.o)
 .text.libgcc   0x00000000        0x0 C:/avr-gcc/bin/../lib/gcc/avr/15.2.0/avr5\libgcc.a(_udivmodhi4.o)
 .text.libgcc.prologue
                0x00000000        0x0 C:/avr-gcc/bin/../lib/gcc/avr/15.2.0/avr5\libgcc.a(_udivmodhi4.o)
 .text.libgcc.builtins
                0x00000000        0x0 C:/avr-gcc/bin/../lib/gcc/avr/15.2.0/avr5\libgcc.a(_udivmodhi4.o)
 .text.libgcc.fmul
                0x00000000        0x0 C:/avr-gcc/bin/../lib/gcc/avr/15.2.0/avr5\libgcc.a(_udivmodhi4.o)
 .text.libgcc.fixed
                0x00000000        0x0 C:/avr-gcc/bin/../lib/gcc/avr/15.2.0/avr5\libgcc.a(_udivmodhi4.o)
 .text          0x00000000        0x0 C:/avr-gcc/bin/../lib/gcc/avr/15.2.0/avr5\libgcc.a(_divmodhi4.o)
 .data          0x00000000        0x0 C:/avr-gcc/bin/../lib/gcc/avr/15.2.0/avr5\libgcc.a(_divmodhi4.o)
 .bss           0x00000000        0x0 C:/avr-gcc/bin/../lib/gcc/avr/15.2.0/avr5\libgcc.a(_divmodhi4.o)
 .text.libgcc.mul
                0x00000000        0x0 C:/avr-gcc/bin/../lib/gcc/avr/15.2.0/avr5\libgcc.a(_divmodhi4.o)
 .text.libgcc.div
                0x00000000       0x28 C:/avr-gcc/bin/../lib/gcc/avr/15.2.0/avr5\libgcc.a(_divmodhi4.o)
 .text.libgcc   0x00000000        0x0 C:/avr-gcc/bin/../lib/gcc/avr/15.2.0/avr5\libgcc.a(_divmodhi4.o)
 .text.libgcc.prologue
                0x00000000        0x0 C:/avr-gcc/bin/../lib/gcc/avr/15.2.0/avr5\libgcc.a(_divmodhi4.o)
 .text.libgcc.builtins
                0x00000000        0x0 C:/avr-gcc/bin/../lib/gcc/avr/15.2.0/avr5\libgcc.a(_divmodhi4.o)
 .text.libgcc.fmul
                0x00000000        0x0 C:/avr-gcc/bin/../lib/gcc/avr/15.2.0/avr5\libgcc.a(_divmodhi4.o)
 .text.libgcc.fixed
                0x00000000        0x0 C:/avr-gcc/bin/../lib/gcc/avr/15.2.0/avr5\libgcc.a(_divmodhi4.o)
 .debug_line    0x00000000       0xb7 C:/avr-gcc/bin/../lib/gcc/avr/15.2.0/avr5\libgcc.a(_divmodhi4.o)
 .debug_line_str
                0x00000000       0x5c C:/avr-gcc/bin/../lib/gcc/avr/15.2.0/avr5\libgcc.a(_divmodhi4.o)
 .debug_info    0x00000000       0x24 C:/avr-gcc/bin/../lib/gcc/avr/15.2.0/avr5\libgcc.a(_divmodhi4.o)
 .debug_abbrev  0x00000000       0x14 C:/avr-gcc/bin/../lib/gcc/avr/15.2.0/avr5\libgcc.a(_divmodhi4.o)
 .debug_aranges
                0x00000000       0x20 C:/avr-gcc/bin/../lib/gcc/avr/15.2.0/avr5\libgcc.a(_divmodhi4.o)
 .debug_str     0x00000000       0x68 C:/avr-gcc/bin/../lib/gcc/avr/15.2.0/avr5\libgcc.a(_divmodhi4.o)
 .text          0x00000000        0x0 C:/avr-gcc/bin/../lib/gcc/avr/15.2.0/avr5\libgcc.a(_udivmodsi4.o)
 .data          0x00000000        0x0 C:/avr-gcc/bin/../lib/gcc/avr/15.2.0/avr5\libgcc.a(_udivmodsi4.o)
 .bss           0x00000000        0x0 C:/avr-gcc/bin/../lib/gcc/avr/15.2.0/avr5\libgcc.a(_udivmodsi4.o)
 .text.libgcc.mul
                0x00000000        0x0 C:/avr-gcc/bin/../lib/gcc/avr/15.2.0/avr5\libgcc.a(_udivmodsi4.o)
 .text.libgcc   0x00000000        0x0 C:/avr-gcc/bin/../lib/gcc/avr/15.2.0/avr5\libgcc.a(_udivmodsi4.o)
 .text.libgcc.prologue
                0x00000000        0x0 C:/avr-gcc/bin/../lib/gcc/avr/15.2.0/avr5\libgcc.a(_udivmodsi4.o)
 .text.libgcc.builtins
                0x00000000        0x0 C:/avr-gcc/bin/../lib/gcc/avr/15.2.0/avr5\libgcc.a(_udivmodsi4.o)
 .text.libgcc.fmul
                0x00000000        0x0 C:/avr-gcc/bin/../lib/gcc/avr/15.2.0/avr5\libgcc.a(_udivmodsi4.o)
 .text.libgcc.fixed
                0x00000000        0x0 C:/avr-gcc/bin/../lib/gcc/avr/15.2.0/avr5\libgcc.a(_udivmodsi4.o)
 .text          0x00000000        0x0 C:/avr-gcc/bin/../lib/gcc/avr/15.2.0/avr5\libgcc.a(_exit.o)
 .data          0x00000000        0x0 C:/avr-gcc/bin/../lib/gcc/avr/15.2.0/avr5\libgcc.a(_exit.o)
 .bss           0x00000000        0x0 C:/avr-gcc/bin/../lib/gcc/avr/15.2.0/avr5\libgcc.a(_exit.o)
 .text.libgcc.mul
                0x00000000        0x0 C:/avr-gcc/bin/../lib/gcc/avr/15.2.0/avr5\libgcc.a(_exit.o)
 .text.libgcc.div
                0x00000000        0x0 C:/avr-gcc/bin/../lib/gcc/avr/15.2.0/avr5\libgcc.a(_exit.o)
 .text.libgcc   0x00000000        0x0 C:/avr-gcc/bin/../lib/gcc/avr/15.2.0/avr5\libgcc.a(_exit.o)
 .text.libgcc.prologue
                0x00000000        0x0 C:/avr-gcc/bin/../lib/gcc/avr/15.2.0/avr5\libgcc.a(_exit.o)
 .text.libgcc.builtins
                0x00000000        0x0 C:/avr-gcc/bin/../lib/gcc/avr/15.2.0/avr5\libgcc.a(_exit.o)
 .text.libgcc.fmul
                0x00000000        0x0 C:/avr-gcc/bin/../lib/gcc/avr/15.2.0/avr5\libgcc.a(_exit.o)
 .text.libgcc.fixed
                0x00000000        0x0 C:/avr-gcc/bin/../lib/gcc/avr/15.2.0/avr5\libgcc.a(_exit.o)
 .text          0x00000000        0x0 C:/avr-gcc/bin/../lib/gcc/avr/15.2.0/avr5\libgcc.a(_copy_data.o)
 .data          0x00000000        0x0 C:/avr-gcc/bin/../lib/gcc/avr/15.2.0/avr5\libgcc.a(_copy_data.o)
 .bss           0x00000000        0x0 C:/avr-gcc/bin/../lib/gcc/avr/15.2.0/avr5\libgcc.a(_copy_data.o)
 .text.libgcc.mul
                0x00000000        0x0 C:/avr-gcc/bin/../lib/gcc/avr/15.2.0/avr5\libgcc.a(_copy_data.o)
 .text.libgcc.div
                0x00000000        0x0 C:/avr-gcc/bin/../lib/gcc/avr/15.2.0/avr5\libgcc.a(_copy_data.o)
 .text.libgcc   0x00000000        0x0 C:/avr-gcc/bin/../lib/gcc/avr/15.2.0/avr5\libgcc.a(_copy_data.o)
 .text.libgcc.prologue
                0x00000000        0x0 C:/avr-gcc/bin/../lib/gcc/avr/15.2.0/avr5\libgcc.a(_copy_data.o)
 .text.libgcc.builtins
                0x00000000        0x0 C:/avr-gcc/bin/../lib/gcc/avr/15.2.0/avr5\libgcc.a(_copy_data.o)
 .text.libgcc.fmul
                0x00000000        0x0 C:/avr-gcc/bin/../lib/gcc/avr/15.2.0/avr5\libgcc.a(_copy_data.o)
 .text.libgcc.fixed
                0x00000000        0x0 C:/avr-gcc/bin/../lib/gcc/avr/15.2.0/avr5\libgcc.a(_copy_data.o)
 .text          0x00000000        0x0 C:/avr-gcc/bin/../lib/gcc/avr/15.2.0/avr5\libgcc.a(_clear_bss.o)
 .data          0x00000000        0x0 C:/avr-gcc/bin/../lib/gcc/avr/15.2.0/avr5\libgcc.a(_clear_bss.o)
 .bss           0x00000000        0x0 C:/avr-gcc/bin/../lib/gcc/avr/15.2.0/avr5\libgcc.a(_clear_bss.o)
 .text.libgcc.mul
                0x00000000        0x0 C:/avr-gcc/bin/../lib/gcc/avr/15.2.0/avr5\libgcc.a(_clear_bss.o)
 .text.libgcc.div
                0x00000000        0x0 C:/avr-gcc/bin/../lib/gcc/avr/15.2.0/avr5\libgcc.a(_clear_bss.o)
 .text.libgcc   0x00000000        0x0 C:/avr-gcc/bin/../lib/gcc/avr/15.2.0/avr5\libgcc.a(_clear_bss.o)
 .text.libgcc.prologue
                0x00000000        0x0 C:/avr-gcc/bin/../lib/gcc/avr/15.2.0/avr5\libgcc.a(_clear_bss.o)
 .text.libgcc.builtins
                0x00000000        0x0 C:/avr-gcc/bin/../lib/gcc/avr/15.2.0/avr5\libgcc.a(_clear_bss.o)
 .text.libgcc.fmul
                0x00000000        0x0 C:/avr-gcc/bin/../lib/gcc/avr/15.2.0/avr5\libgcc.a(_clear_bss.o)
 .text.libgcc.fixed
                0x00000000        0x0 C:/avr-gcc/bin/../lib/gcc/avr/15.2.0/avr5\libgcc.a(_clear_bss.o)
 .text          0x00000000        0x0 C:/avr-gcc/bin/../lib/gcc/avr/15.2.0/../../../../avr/lib/avr5\libc.a(strncmp.o)
 .data          0x00000000        0x0 C:/avr-gcc/bin/../lib/gcc/avr/15.2.0/../../../../avr/lib/avr5\libc.a(strncmp.o)
 .bss           0x00000000        0x0 C:/avr-gcc/bin/../lib/gcc/avr/15.2.0/../../../../avr/lib/avr5\libc.a(strncmp.o)
 .text.avr-libc
                0x00000000       0x1c C:/avr-gcc/bin/../lib/gcc/avr/15.2.0/../../../../avr/lib/avr5\libc.a(strncmp.o)
 .text          0x00000000        0x0 C:/avr-gcc/bin/../lib/gcc/avr/15.2.0/../../../../avr/lib/avr5\libc.a(strstr.o)
 .data          0x00000000        0x0 C:/avr-gcc/bin/../lib/gcc/avr/15.2.0/../../../../avr/lib/avr5\libc.a(strstr.o)
 .bss           0x00000000        0x0 C:/avr-gcc/bin/../lib/gcc/avr/15.2.0/../../../../avr/lib/avr5\libc.a(strstr.o)
 .text.avr-libc
                0x00000000       0x34 C:/avr-gcc/bin/../lib/gcc/avr/15.2.0/../../../../avr/lib/avr5\libc.a(strstr.o)
 .text          0x00000000        0x0 C:/avr-gcc/bin/../lib/gcc/avr/15.2.0/../../../../avr/lib/avr5\libc.a(sprintf.o)
 .data          0x00000000        0x0 C:/avr-gcc/bin/../lib/gcc/avr/15.2.0/../../../../avr/lib/avr5\libc.a(sprintf.o)
 .bss           0x00000000        0x0 C:/avr-gcc/bin/../lib/gcc/avr/15.2.0/../../../../avr/lib/avr5\libc.a(sprintf.o)
 .text.avr-libc
                0x00000000       0x48 C:/avr-gcc/bin/../lib/gcc/avr/15.2.0/../../../../avr/lib/avr5\libc.a(sprintf.o)
 .comment       0x00000000       0x13 C:/avr-gcc/bin/../lib/gcc/avr/15.2.0/../../../../avr/lib/avr5\libc.a(sprintf.o)
 .text          0x00000000        0x0 C:/avr-gcc/bin/../lib/gcc/avr/15.2.0/../../../../avr/lib/avr5\libc.a(vfprintf_std.o)
 .data          0x00000000        0x0 C:/avr-gcc/bin/../lib/gcc/avr/15.2.0/../../../../avr/lib/avr5\libc.a(vfprintf_std.o)
 .bss           0x00000000        0x0 C:/avr-gcc/bin/../lib/gcc/avr/15.2.0/../../../../avr/lib/avr5\libc.a(vfprintf_std.o)
 .text.avr-libc
                0x00000000      0x3ca C:/avr-gcc/bin/../lib/gcc/avr/15.2.0/../../../../avr/lib/avr5\libc.a(vfprintf_std.o)
 .comment       0x00000000       0x13 C:/avr-gcc/bin/../lib/gcc/avr/15.2.0/../../../../avr/lib/avr5\libc.a(vfprintf_std.o)
 .text          0x00000000        0x0 C:/avr-gcc/bin/../lib/gcc/avr/15.2.0/../../../../avr/lib/avr5\libc.a(strnlen_P.o)
 .data          0x00000000        0x0 C:/avr-gcc/bin/../lib/gcc/avr/15.2.0/../../../../avr/lib/avr5\libc.a(strnlen_P.o)
 .bss           0x00000000        0x0 C:/avr-gcc/bin/../lib/gcc/avr/15.2.0/../../../../avr/lib/avr5\libc.a(strnlen_P.o)
 .text.avr-libc
                0x00000000       0x16 C:/avr-gcc/bin/../lib/gcc/avr/15.2.0/../../../../avr/lib/avr5\libc.a(strnlen_P.o)
 .text          0x00000000        0x0 C:/avr-gcc/bin/../lib/gcc/avr/15.2.0/../../../../avr/lib/avr5\libc.a(strnlen.o)
 .data          0x00000000        0x0 C:/avr-gcc/bin/../lib/gcc/avr/15.2.0/../../../../avr/lib/avr5\libc.a(strnlen.o)
 .bss           0x00000000        0x0 C:/avr-gcc/bin/../lib/gcc/avr/15.2.0/../../../../avr/lib/avr5\libc.a(strnlen.o)
 .text.avr-libc
                0x00000000       0x16 C:/avr-gcc/bin/../lib/gcc/avr/15.2.0/../../../../avr/lib/avr5\libc.a(strnlen.o)
 .text          0x00000000        0x0 C:/avr-gcc/bin/../lib/gcc/avr/15.2.0/../../../../avr/lib/avr5\libc.a(fputc.o)
 .data          0x00000000        0x0 C:/avr-gcc/bin/../lib/gcc/avr/15.2.0/../../../../avr/lib/avr5\libc.a(fputc.o)
 .bss           0x00000000        0x0 C:/avr-gcc/bin/../lib/gcc/avr/15.2.0/../../../../avr/lib/avr5\libc.a(fputc.o)
 .text.avr-libc
                0x00000000       0x82 C:/avr-gcc/bin/../lib/gcc/avr/15.2.0/../../../../avr/lib/avr5\libc.a(fputc.o)
 .comment       0x00000000       0x13 C:/avr-gcc/bin/../lib/gcc/avr/15.2.0/../../../../avr/lib/avr5\libc.a(fputc.o)
 .text          0x00000000        0x0 C:/avr-gcc/bin/../lib/gcc/avr/15.2.0/../../../../avr/lib/avr5\libc.a(ultoa_invert.o)
 .data          0x00000000        0x0 C:/avr-gcc/bin/../lib/gcc/avr/15.2.0/../../../../avr/lib/avr5\libc.a(ultoa_invert.o)
 .bss           0x00000000        0x0 C:/avr-gcc/bin/../lib/gcc/avr/15.2.0/../../../../avr/lib/avr5\libc.a(ultoa_invert.o)
 .text.avr-libc
                0x00000000       0xbc C:/avr-gcc/bin/../lib/gcc/avr/15.2.0/../../../../avr/lib/avr5\libc.a(ultoa_invert.o)
 .text          0x00000000        0x0 C:/avr-gcc/bin/../lib/gcc/avr/15.2.0/avr5\libgcc.a(_negsi2.o)
 .data          0x00000000        0x0 C:/avr-gcc/bin/../lib/gcc/avr/15.2.0/avr5\libgcc.a(_negsi2.o)
 .bss           0x00000000        0x0 C:/avr-gcc/bin/../lib/gcc/avr/15.2.0/avr5\libgcc.a(_negsi2.o)
 .text.libgcc.mul
                0x00000000        0x0 C:/avr-gcc/bin/../lib/gcc/avr/15.2.0/avr5\libgcc.a(_negsi2.o)
 .text.libgcc.div
                0x00000000       0x10 C:/avr-gcc/bin/../lib/gcc/avr/15.2.0/avr5\libgcc.a(_negsi2.o)
 .text.libgcc   0x00000000        0x0 C:/avr-gcc/bin/../lib/gcc/avr/15.2.0/avr5\libgcc.a(_negsi2.o)
 .text.libgcc.prologue
                0x00000000        0x0 C:/avr-gcc/bin/../lib/gcc/avr/15.2.0/avr5\libgcc.a(_negsi2.o)
 .text.libgcc.builtins
                0x00000000        0x0 C:/avr-gcc/bin/../lib/gcc/avr/15.2.0/avr5\libgcc.a(_negsi2.o)
 .text.libgcc.fmul
                0x00000000        0x0 C:/avr-gcc/bin/../lib/gcc/avr/15.2.0/avr5\libgcc.a(_negsi2.o)
 .text.libgcc.fixed
                0x00000000        0x0 C:/avr-gcc/bin/../lib/gcc/avr/15.2.0/avr5\libgcc.a(_negsi2.o)
 .debug_line    0x00000000       0x51 C:/avr-gcc/bin/../lib/gcc/avr/15.2.0/avr5\libgcc.a(_negsi2.o)
 .debug_line_str
                0x00000000       0x5c C:/avr-gcc/bin/../lib/gcc/avr/15.2.0/avr5\libgcc.a(_negsi2.o)
 .debug_info    0x00000000       0x24 C:/avr-gcc/bin/../lib/gcc/avr/15.2.0/avr5\libgcc.a(_negsi2.o)
 .debug_abbrev  0x00000000       0x14 C:/avr-gcc/bin/../lib/gcc/avr/15.2.0/avr5\libgcc.a(_negsi2.o)
 .debug_aranges
                0x00000000       0x20 C:/avr-gcc/bin/../lib/gcc/avr/15.2.0/avr5\libgcc.a(_negsi2.o)
 .debug_str     0x00000000       0x68 C:/avr-gcc/bin/../lib/gcc/avr/15.2.0/avr5\libgcc.a(_negsi2.o)
 .text          0x00000000        0x0 C:/avr-gcc/bin/../lib/gcc/avr/15.2.0/avr5\libgcc.a(_prologue.o)
 .data          0x00000000        0x0 C:/avr-gcc/bin/../lib/gcc/avr/15.2.0/avr5\libgcc.a(_prologue.o)
 .bss           0x00000000        0x0 C:/avr-gcc/bin/../lib/gcc/avr/15.2.0/avr5\libgcc.a(_prologue.o)
 .text.libgcc.mul
                0x00000000        0x0 C:/avr-gcc/bin/../lib/gcc/avr/15.2.0/avr5\libgcc.a(_prologue.o)
 .text.libgcc.div
                0x00000000        0x0 C:/avr-gcc/bin/../lib/gcc/avr/15.2.0/avr5\libgcc.a(_prologue.o)
 .text.libgcc   0x00000000        0x0 C:/avr-gcc/bin/../lib/gcc/avr/15.2.0/avr5\libgcc.a(_prologue.o)
 .text.libgcc.prologue
                0x00000000       0x38 C:/avr-gcc/bin/../lib/gcc/avr/15.2.0/avr5\libgcc.a(_prologue.o)
 .text.libgcc.builtins
                0x00000000        0x0 C:/avr-gcc/bin/../lib/gcc/avr/15.2.0/avr5\libgcc.a(_prologue.o)
 .text.libgcc.fmul
                0x00000000        0x0 C:/avr-gcc/bin/../lib/gcc/avr/15.2.0/avr5\libgcc.a(_prologue.o)
 .text.libgcc.fixed
                0x00000000        0x0 C:/avr-gcc/bin/../lib/gcc/avr/15.2.0/avr5\libgcc.a(_prologue.o)
 .debug_line    0x00000000       0xed C:/avr-gcc/bin/../lib/gcc/avr/15.2.0/avr5\libgcc.a(_prologue.o)
 .debug_line_str
                0x00000000       0x5c C:/avr-gcc/bin/../lib/gcc/avr/15.2.0/avr5\libgcc.a(_prologue.o)
 .debug_info    0x00000000       0x24 C:/avr-gcc/bin/../lib/gcc/avr/15.2.0/avr5\libgcc.a(_prologue.o)
 .debug_abbrev  0x00000000       0x14 C:/avr-gcc/bin/../lib/gcc/avr/15.2.0/avr5\libgcc.a(_prologue.o)
 .debug_aranges
                0x00000000       0x20 C:/avr-gcc/bin/../lib/gcc/avr/15.2.0/avr5\libgcc.a(_prologue.o)
 .debug_str     0x00000000       0x68 C:/avr-gcc/bin/../lib/gcc/avr/15.2.0/avr5\libgcc.a(_prologue.o)
 .text          0x00000000        0x0 C:/avr-gcc/bin/../lib/gcc/avr/15.2.0/avr5\libgcc.a(_epilogue.o)
 .data          0x00000000        0x0 C:/avr-gcc/bin/../lib/gcc/avr/15.2.0/avr5\libgcc.a(_epilogue.o)
 .bss           0x00000000        0x0 C:/avr-gcc/bin/../lib/gcc/avr/15.2.0/avr5\libgcc.a(_epilogue.o)
 .text.libgcc.mul
                0x00000000        0x0 C:/avr-gcc/bin/../lib/gcc/avr/15.2.0/avr5\libgcc.a(_epilogue.o)
 .text.libgcc.div
                0x00000000        0x0 C:/avr-gcc/bin/../lib/gcc/avr/15.2.0/avr5\libgcc.a(_epilogue.o)
 .text.libgcc   0x00000000        0x0 C:/avr-gcc/bin/../lib/gcc/avr/15.2.0/avr5\libgcc.a(_epilogue.o)
 .text.libgcc.prologue
                0x00000000       0x36 C:/avr-gcc/bin/../lib/gcc/avr/15.2.0/avr5\libgcc.a(_epilogue.o)
 .text.libgcc.builtins
                0x00000000        0x0 C:/avr-gcc/bin/../lib/gcc/avr/15.2.0/avr5\libgcc.a(_epilogue.o)
 .text.libgcc.fmul
                0x00000000        0x0 C:/avr-gcc/bin/../lib/gcc/avr/15.2.0/avr5\libgcc.a(_epilogue.o)
 .text.libgcc.fixed
                0x00000000        0x0 C:/avr-gcc/bin/../lib/gcc/avr/15.2.0/avr5\libgcc.a(_epilogue.o)
 .debug_line    0x00000000       0xe7 C:/avr-gcc/bin/../lib/gcc/avr/15.2.0/avr5\libgcc.a(_epilogue.o)
 .debug_line_str
                0x00000000       0x5c C:/avr-gcc/bin/../lib/gcc/avr/15.2.0/avr5\libgcc.a(_epilogue.o)
 .debug_info    0x00000000       0x24 C:/avr-gcc/bin/../lib/gcc/avr/15.2.0/avr5\libgcc.a(_epilogue.o)
 .debug_abbrev  0x00000000       0x14 C:/avr-gcc/bin/../lib/gcc/avr/15.2.0/avr5\libgcc.a(_epilogue.o)
 .debug_aranges
                0x00000000       0x20 C:/avr-gcc/bin/../lib/gcc/avr/15.2.0/avr5\libgcc.a(_epilogue.o)
 .debug_str     0x00000000       0x68 C:/avr-gcc/bin/../lib/gcc/avr/15.2.0/avr5\libgcc.a(_epilogue.o)

Memory Configuration

Name             Origin             Length             Attributes
text             0x00000000         0x00008000         xr
data             0x00800060         0x00000800         rw!x
eeprom           0x00810000         0x00000400         rw!x
fuse             0x00820000         0x00000002         rw!x
lock             0x00830000         0x00000400         rw!x
signature        0x00840000         0x00000400         rw!x
user_signatures  0x00850000         0x00000400         rw!x
*default*        0x00000000         0xffffffff

Linker script and memory map

LOAD C:/avr-gcc/bin/../lib/gcc/avr/15.2.0/../../../../avr/lib/avr5/crtatmega32.o
LOAD build/main.o
LOAD build/LIB/ring_buffer.o
LOAD build/HAL/Annunciator/Annunciator_audio.o
LOAD build/HAL/Annunciator/Annunciator_visual.o
LOAD build/HAL/HR_Capture/HR_Capture.o
LOAD build/HAL/KeyPad/KeyPad.o
LOAD build/HAL/LCD_I2C/LCD_I2C.o
LOAD build/HAL/NurseCall/NurseCall.o
LOAD build/HAL/Panel/Panel.o
LOAD build/HAL/SevenSegment/SevenSegment.o
LOAD build/HAL/ShiftReg/ShiftReg.o
LOAD build/HAL/Vitals/vitals.o
LOAD build/Logic/console/console.o
LOAD build/Logic/trends/trends.o
LOAD build/MCAL/ADC/ADC.o
LOAD build/MCAL/GPIO/GPIO.o
LOAD build/MCAL/I2C/I2C.o
LOAD build/MCAL/INTERRUPT/INTERRUPT.o
LOAD build/MCAL/SPI/SPI.o
LOAD build/MCAL/TIMER/TIMER.o
LOAD build/MCAL/UART/UART.o
START GROUP
LOAD C:/avr-gcc/bin/../lib/gcc/avr/15.2.0/avr5\libgcc.a
LOAD C:/avr-gcc/bin/../lib/gcc/avr/15.2.0/../../../../avr/lib/avr5\libm.a
LOAD C:/avr-gcc/bin/../lib/gcc/avr/15.2.0/../../../../avr/lib/avr5\libc.a
LOAD C:/avr-gcc/bin/../lib/gcc/avr/15.2.0/../../../../avr/lib/avr5\libatmega32.a
END GROUP
                [0x00000000]                      __TEXT_REGION_ORIGIN__ = DEFINED (__TEXT_REGION_ORIGIN__)?__TEXT_REGION_ORIGIN__:0x0
                [0x00008000]                      __TEXT_REGION_LENGTH__ = DEFINED (__TEXT_REGION_LENGTH__)?__TEXT_REGION_LENGTH__:0x20000
                [0x00800060]                      __DATA_REGION_ORIGIN__ = DEFINED (__DATA_REGION_ORIGIN__)?__DATA_REGION_ORIGIN__:0x800060
                [0x00000800]                      __DATA_REGION_LENGTH__ = DEFINED (__DATA_REGION_LENGTH__)?__DATA_REGION_LENGTH__:0xffa0
                [0x00000400]                      __EEPROM_REGION_LENGTH__ = DEFINED (__EEPROM_REGION_LENGTH__)?__EEPROM_REGION_LENGTH__:0x10000
                [0x00000002]                      __FUSE_REGION_LENGTH__ = DEFINED (__FUSE_REGION_LENGTH__)?__FUSE_REGION_LENGTH__:0x400
                0x00000400                        __LOCK_REGION_LENGTH__ = DEFINED (__LOCK_REGION_LENGTH__)?__LOCK_REGION_LENGTH__:0x400
                0x00000400                        __SIGNATURE_REGION_LENGTH__ = DEFINED (__SIGNATURE_REGION_LENGTH__)?__SIGNATURE_REGION_LENGTH__:0x400
                0x00000400                        __USER_SIGNATURE_REGION_LENGTH__ = DEFINED (__USER_SIGNATURE_REGION_LENGTH__)?__USER_SIGNATURE_REGION_LENGTH__:0x400

.hash
 *(.hash)

.dynsym
 *(.dynsym)

.dynstr
 *(.dynstr)

.gnu.version
 *(.gnu.version)

.gnu.version_d
 *(.gnu.version_d)

.gnu.version_r
 *(.gnu.version_r)

.rel.init
 *(.rel.init)

.rela.init
 *(.rela.init)

.rel.text
 *(.rel.text)
 *(.rel.text.*)
 *(.rel.gnu.linkonce.t*)

.rela.text
 *(.rela.text)
 *(.rela.text.*)
 *(.rela.gnu.linkonce.t*)

.rel.fini
 *(.rel.fini)

.rela.fini
 *(.rela.fini)

.rel.rodata
 *(.rel.rodata)
 *(.rel.rodata.*)
 *(.rel.gnu.linkonce.r*)

.rela.rodata
 *(.rela.rodata)
 *(.rela.rodata.*)
 *(.rela.gnu.linkonce.r*)

.rel.data
 *(.rel.data)
 *(.rel.data.*)
 *(.rel.gnu.linkonce.d*)

.rela.data
 *(.rela.data)
 *(.rela.data.*)
 *(.rela.gnu.linkonce.d*)

.rel.ctors
 *(.rel.ctors)

.rela.ctors
 *(.rela.ctors)

.rel.dtors
 *(.rel.dtors)

.rela.dtors
 *(.rela.dtors)

.rel.got
 *(.rel.got)

.rela.got
 *(.rela.got)

.rel.bss
 *(.rel.bss)

.rela.bss
 *(.rela.bss)

.rel.plt
 *(.rel.plt)

.rela.plt
 *(.rela.plt)

.text           0x00000000      0xdee
 *(.vectors)
 .vectors       0x00000000       0x54 C:/avr-gcc/bin/../lib/gcc/avr/15.2.0/../../../../avr/lib/avr5/crtatmega32.o
                0x00000000                __vector_default
                0x00000000                __vectors
 *(.vectors)
                0x00000054                        __progmem_start = .
 *(.progmem)
 *(.progmem.*)
                0x00000054                        __progmem_end = .
                0x00000001                        ASSERT (((__progmem_start == __progmem_end) || (__progmem_end <= 0x10000)), .progmem section exceeds 0x10000)
                0x00000054                        . = ALIGN (0x2)
                0x00000054                        __trampolines_start = .
 *(.trampolines)
 .trampolines   0x00000054        0x0 linker stubs
 *(.trampolines*)
                0x00000054                        __trampolines_end = .
                0x00000054                        . = ALIGN (0x2)
 *(.lowtext)
 *(.lowtext*)
                0x00000054                        __ctors_start = .
 *(.ctors)
                0x00000054                        __ctors_end = .
                0x00000054                        __dtors_start = .
 *(.dtors)
                0x00000054                        __dtors_end = .
 SORT_BY_NAME(*)(.ctors)
 SORT_BY_NAME(*)(.dtors)
 *(.init0)
 .init0         0x00000054        0x0 C:/avr-gcc/bin/../lib/gcc/avr/15.2.0/../../../../avr/lib/avr5/crtatmega32.o
                0x00000054                __init
 *(.init0)
 *(.init1)
 *(.init1)
 *(.init2)
 .init2         0x00000054        0xc C:/avr-gcc/bin/../lib/gcc/avr/15.2.0/../../../../avr/lib/avr5/crtatmega32.o
 *(.init2)
 *(.init3)
 *(.init3)
 *(.init4)
 .init4         0x00000060       0x16 C:/avr-gcc/bin/../lib/gcc/avr/15.2.0/avr5\libgcc.a(_copy_data.o)
                0x00000060                __do_copy_data
 .init4         0x00000076       0x10 C:/avr-gcc/bin/../lib/gcc/avr/15.2.0/avr5\libgcc.a(_clear_bss.o)
                0x00000076                __do_clear_bss
 *(.init4)
 *(.init5)
 *(.init5)
 *(.init6)
 *(.init6)
 *(.init7)
 *(.init7)
 *(.init8)
 *(.init8)
 *(.init9)
 .init9         0x00000086        0x8 C:/avr-gcc/bin/../lib/gcc/avr/15.2.0/../../../../avr/lib/avr5/crtatmega32.o
 *(.init9)
 *(.text)
 .text          0x0000008e        0x4 C:/avr-gcc/bin/../lib/gcc/avr/15.2.0/../../../../avr/lib/avr5/crtatmega32.o
                0x0000008e                __vector_12
                0x0000008e                __bad_interrupt
                0x0000008e                __vector_11
                0x0000008e                __vector_13
                0x0000008e                __vector_17
                0x0000008e                __vector_19
                0x0000008e                __vector_7
                0x0000008e                __vector_5
                0x0000008e                __vector_4
                0x0000008e                __vector_15
                0x0000008e                __vector_8
                0x0000008e                __vector_14
                0x0000008e                __vector_16
                0x0000008e                __vector_18
                0x0000008e                __vector_20
                0x00000092                        . = ALIGN (0x2)
 *(.text.*)
 .text.startup.main
                0x00000092       0xf0 build/main.o
                0x00000092                main
 .text.ANN_ResetPattern
                0x00000182       0x44 build/HAL/Annunciator/Annunciator_audio.o
 .text.ANN_Audio_Init
                0x000001c6       0x34 build/HAL/Annunciator/Annunciator_audio.o
                0x000001c6                ANN_Audio_Init
 .text.ANN_Audio_SetPriority
                0x000001fa       0x22 build/HAL/Annunciator/Annunciator_audio.o
                0x000001fa                ANN_Audio_SetPriority
 .text.ANN_Audio_Tick
                0x0000021c      0x17e build/HAL/Annunciator/Annunciator_audio.o
                0x0000021c                ANN_Audio_Tick
 .text.ANN_Audio_Mute
                0x0000039a       0x18 build/HAL/Annunciator/Annunciator_audio.o
                0x0000039a                ANN_Audio_Mute
 .text.ANN_Visual_Init
                0x000003b2       0x62 build/HAL/Annunciator/Annunciator_visual.o
                0x000003b2                ANN_Visual_Init
 .text.ANN_Visual_SetPriority
                0x00000414       0x1a build/HAL/Annunciator/Annunciator_visual.o
                0x00000414                ANN_Visual_SetPriority
 .text.ANN_Visual_Tick
                0x0000042e       0xd6 build/HAL/Annunciator/Annunciator_visual.o
                0x0000042e                ANN_Visual_Tick
 .text.HRC_Init
                0x00000504       0x52 build/HAL/HR_Capture/HR_Capture.o
                0x00000504                HRC_Init
 .text.HRC_OnCapture
                0x00000556       0x5a build/HAL/HR_Capture/HR_Capture.o
                0x00000556                HRC_OnCapture
 .text.HRC_Process
                0x000005b0      0x1fa build/HAL/HR_Capture/HR_Capture.o
                0x000005b0                HRC_Process
 .text.HRC_ClearAsystole
                0x000007aa        0x8 build/HAL/HR_Capture/HR_Capture.o
                0x000007aa                HRC_ClearAsystole
 .text.NurseCall_voidInit
                0x000007b2       0x14 build/HAL/NurseCall/NurseCall.o
                0x000007b2                NurseCall_voidInit
 .text.NurseCall_voidEnable
                0x000007c6        0xa build/HAL/NurseCall/NurseCall.o
                0x000007c6                NurseCall_voidEnable
 .text.NurseCall_voidDisable
                0x000007d0        0xa build/HAL/NurseCall/NurseCall.o
                0x000007d0                NurseCall_voidDisable
 .text.ShiftReg_voidInit
                0x000007da       0x1a build/HAL/ShiftReg/ShiftReg.o
                0x000007da                ShiftReg_voidInit
 .text.ShiftReg_voidWriteByte
                0x000007f4       0x18 build/HAL/ShiftReg/ShiftReg.o
                0x000007f4                ShiftReg_voidWriteByte
 .text.GPIO_SetPinDirection
                0x0000080c       0xe4 build/MCAL/GPIO/GPIO.o
                0x0000080c                GPIO_SetPinDirection
 .text.GPIO_SetPinValue
                0x000008f0       0x7c build/MCAL/GPIO/GPIO.o
                0x000008f0                GPIO_SetPinValue
 .text.INTERRUPT_EnableGlobal
                0x0000096c        0x8 build/MCAL/INTERRUPT/INTERRUPT.o
                0x0000096c                INTERRUPT_EnableGlobal
 .text.INTERRUPT_DisableGlobal
                0x00000974        0x8 build/MCAL/INTERRUPT/INTERRUPT.o
                0x00000974                INTERRUPT_DisableGlobal
 .text.__vector_1
                0x0000097c       0x5a build/MCAL/INTERRUPT/INTERRUPT.o
                0x0000097c                __vector_1
 .text.__vector_2
                0x000009d6       0x5a build/MCAL/INTERRUPT/INTERRUPT.o
                0x000009d6                __vector_2
 .text.__vector_3
                0x00000a30       0x5a build/MCAL/INTERRUPT/INTERRUPT.o
                0x00000a30                __vector_3
 .text.SPI_InitMaster
                0x00000a8a       0x4a build/MCAL/SPI/SPI.o
                0x00000a8a                SPI_InitMaster
 .text.SPI_TransceiveByte
                0x00000ad4        0xa build/MCAL/SPI/SPI.o
                0x00000ad4                SPI_TransceiveByte
 .text.TIMER0_Init
                0x00000ade       0x22 build/MCAL/TIMER/TIMER.o
                0x00000ade                TIMER0_Init
 .text.TIMER0_IsTickPending
                0x00000b00        0xe build/MCAL/TIMER/TIMER.o
                0x00000b00                TIMER0_IsTickPending
 .text.TIMER0_ClearTick
                0x00000b0e        0x6 build/MCAL/TIMER/TIMER.o
                0x00000b0e                TIMER0_ClearTick
 .text.TIMER1_Init
                0x00000b14       0x5e build/MCAL/TIMER/TIMER.o
                0x00000b14                TIMER1_Init
 .text.TIMER1_IsCaptureReady
                0x00000b72        0xe build/MCAL/TIMER/TIMER.o
                0x00000b72                TIMER1_IsCaptureReady
 .text.TIMER1_ClearCaptureFlag
                0x00000b80        0xa build/MCAL/TIMER/TIMER.o
                0x00000b80                TIMER1_ClearCaptureFlag
 .text.TIMER1_GetInterval
                0x00000b8a       0x1c build/MCAL/TIMER/TIMER.o
                0x00000b8a                TIMER1_GetInterval
 .text.TIMER1_GetCaptureCount
                0x00000ba6        0x6 build/MCAL/TIMER/TIMER.o
                0x00000ba6                TIMER1_GetCaptureCount
 .text.TIMER1_GetCaptureWriteIndex
                0x00000bac        0x6 build/MCAL/TIMER/TIMER.o
                0x00000bac                TIMER1_GetCaptureWriteIndex
 .text.TIMER1_IsAsystole
                0x00000bb2        0xe build/MCAL/TIMER/TIMER.o
                0x00000bb2                TIMER1_IsAsystole
 .text.TIMER1_ClearAsystole
                0x00000bc0        0xe build/MCAL/TIMER/TIMER.o
                0x00000bc0                TIMER1_ClearAsystole
 .text.TIMER2_SetTone
                0x00000bce       0x42 build/MCAL/TIMER/TIMER.o
                0x00000bce                TIMER2_SetTone
 .text.TIMER2_Init
                0x00000c10       0x18 build/MCAL/TIMER/TIMER.o
                0x00000c10                TIMER2_Init
 .text.__vector_10
                0x00000c28       0x86 build/MCAL/TIMER/TIMER.o
                0x00000c28                __vector_10
 .text.__vector_6
                0x00000cae       0x92 build/MCAL/TIMER/TIMER.o
                0x00000cae                __vector_6
 .text.__vector_9
                0x00000d40       0x3e build/MCAL/TIMER/TIMER.o
                0x00000d40                __vector_9
 .text.libgcc.div
                0x00000d7e       0x28 C:/avr-gcc/bin/../lib/gcc/avr/15.2.0/avr5\libgcc.a(_udivmodhi4.o)
                0x00000d7e                __udivmodhi4
 .text.libgcc.div
                0x00000da6       0x44 C:/avr-gcc/bin/../lib/gcc/avr/15.2.0/avr5\libgcc.a(_udivmodsi4.o)
                0x00000da6                __udivmodsi4
                0x00000dea                        . = ALIGN (0x2)
 *(.fini9)
 .fini9         0x00000dea        0x0 C:/avr-gcc/bin/../lib/gcc/avr/15.2.0/avr5\libgcc.a(_exit.o)
                0x00000dea                _exit
                0x00000dea                exit
 *(.fini9)
 *(.fini8)
 *(.fini8)
 *(.fini7)
 *(.fini7)
 *(.fini6)
 *(.fini6)
 *(.fini5)
 *(.fini5)
 *(.fini4)
 *(.fini4)
 *(.fini3)
 *(.fini3)
 *(.fini2)
 *(.fini2)
 *(.fini1)
 *(.fini1)
 *(.fini0)
 .fini0         0x00000dea        0x4 C:/avr-gcc/bin/../lib/gcc/avr/15.2.0/avr5\libgcc.a(_exit.o)
 *(.fini0)
 *(.hightext)
 *(.hightext*)
 *(.progmemx)
 *(.progmemx.*)
                0x00000dee                        . = ALIGN (0x2)
 *(.jumptables)
 *(.jumptables*)
                0x00000dee                        _etext = .

.data           0x00800060        0x0 load address 0x00000dee
                0x00800060                        PROVIDE (__data_start = .)
 *(.data)
 *(.data*)
 *(.gnu.linkonce.d*)
 *(.rodata)
 *(.rodata*)
 *(.gnu.linkonce.r*)
                0x00800060                        . = ALIGN (0x2)
                0x00800060                        _edata = .
                0x00800060                        PROVIDE (__data_end = .)

.bss            0x00800060       0x50
                0x00800060                        PROVIDE (__bss_start = .)
 *(.bss)
 *(.bss*)
 .bss.Ann_Muted
                0x00800060        0x1 build/HAL/Annunciator/Annunciator_audio.o
 .bss.Ann_SilenceTicks
                0x00800061        0x2 build/HAL/Annunciator/Annunciator_audio.o
 .bss.Ann_CycleTicks
                0x00800063        0x2 build/HAL/Annunciator/Annunciator_audio.o
 .bss.Ann_PhaseTicks
                0x00800065        0x2 build/HAL/Annunciator/Annunciator_audio.o
 .bss.Ann_PulseCount
                0x00800067        0x1 build/HAL/Annunciator/Annunciator_audio.o
 .bss.Ann_Phase
                0x00800068        0x1 build/HAL/Annunciator/Annunciator_audio.o
 .bss.Ann_CurrentPriority
                0x00800069        0x1 build/HAL/Annunciator/Annunciator_audio.o
 .bss.Ann_HeartbeatTicks
                0x0080006a        0x1 build/HAL/Annunciator/Annunciator_visual.o
 .bss.Ann_VisualTicks
                0x0080006b        0x2 build/HAL/Annunciator/Annunciator_visual.o
 .bss.Ann_VisualPriority
                0x0080006d        0x1 build/HAL/Annunciator/Annunciator_visual.o
 .bss.HRC_Asystole
                0x0080006e        0x1 build/HAL/HR_Capture/HR_Capture.o
 .bss.HRC_CurrentHrvMs
                0x0080006f        0x2 build/HAL/HR_Capture/HR_Capture.o
 .bss.HRC_CurrentBpm
                0x00800071        0x2 build/HAL/HR_Capture/HR_Capture.o
 .bss.HRC_IntervalIndex
                0x00800073        0x1 build/HAL/HR_Capture/HR_Capture.o
 .bss.HRC_MedianIndex
                0x00800074        0x1 build/HAL/HR_Capture/HR_Capture.o
 .bss.HRC_Intervals
                0x00800075       0x10 build/HAL/HR_Capture/HR_Capture.o
 .bss.HRC_MedianIntervals
                0x00800085        0x6 build/HAL/HR_Capture/HR_Capture.o
 .bss.callback  0x0080008b        0x6 build/MCAL/INTERRUPT/INTERRUPT.o
 .bss.Timer1_OverflowCount
                0x00800091        0x2 build/MCAL/TIMER/TIMER.o
 .bss.Timer1_Asystole
                0x00800093        0x1 build/MCAL/TIMER/TIMER.o
 .bss.Timer1_CaptureReady
                0x00800094        0x1 build/MCAL/TIMER/TIMER.o
 .bss.Timer1_CaptureCount
                0x00800095        0x1 build/MCAL/TIMER/TIMER.o
 .bss.Timer1_RingIndex
                0x00800096        0x1 build/MCAL/TIMER/TIMER.o
 .bss.Timer1_LastCapture
                0x00800097        0x2 build/MCAL/TIMER/TIMER.o
 .bss.Timer1_Intervals
                0x00800099       0x10 build/MCAL/TIMER/TIMER.o
 .bss.Timer0_TickPending
                0x008000a9        0x1 build/MCAL/TIMER/TIMER.o
 .bss.Timer0_Callback
                0x008000aa        0x2 build/MCAL/TIMER/TIMER.o
 .bss.Timer0_Ticks
                0x008000ac        0x4 build/MCAL/TIMER/TIMER.o
 *(COMMON)
                0x008000b0                        PROVIDE (__bss_end = .)
                0x00000dee                        __data_load_start = LOADADDR (.data)
                0x00000dee                        __data_load_end = (__data_load_start + SIZEOF (.data))

.noinit         0x008000b0        0x0
                [!provide]                        PROVIDE (__noinit_start = .)
 *(.noinit .noinit.* .gnu.linkonce.n.*)
                [!provide]                        PROVIDE (__noinit_end = .)
                0x008000b0                        _end = .
                [!provide]                        PROVIDE (__heap_start = .)
                0x00000000                        __flmap_init_label = DEFINED (__flmap_noinit_start)?__flmap_noinit_start:0x0
                0x00000000                        __flmap = DEFINED (__flmap)?__flmap:0x0

.eeprom         0x00810000        0x0
 *(.eeprom*)
                0x00810000                        __eeprom_end = .

.fuse
 *(.fuse)
 *(.lfuse)
 *(.hfuse)
 *(.efuse)

.lock
 *(.lock*)

.signature
 *(.signature*)

.stab
 *(.stab)

.stabstr
 *(.stabstr)

.stab.excl
 *(.stab.excl)

.stab.exclstr
 *(.stab.exclstr)

.stab.index
 *(.stab.index)

.stab.indexstr
 *(.stab.indexstr)

.comment        0x00000000       0x12
 *(.comment)
 .comment       0x00000000       0x12 build/main.o
                                 0x13 (size before relaxing)
 .comment       0x00000012        0x0 build/HAL/Annunciator/Annunciator_audio.o
                                 0x13 (size before relaxing)
 .comment       0x00000012        0x0 build/HAL/Annunciator/Annunciator_visual.o
                                 0x13 (size before relaxing)
 .comment       0x00000012        0x0 build/HAL/HR_Capture/HR_Capture.o
                                 0x13 (size before relaxing)
 .comment       0x00000012        0x0 build/HAL/NurseCall/NurseCall.o
                                 0x13 (size before relaxing)
 .comment       0x00000012        0x0 build/HAL/ShiftReg/ShiftReg.o
                                 0x13 (size before relaxing)
 .comment       0x00000012        0x0 build/MCAL/GPIO/GPIO.o
                                 0x13 (size before relaxing)
 .comment       0x00000012        0x0 build/MCAL/INTERRUPT/INTERRUPT.o
                                 0x13 (size before relaxing)
 .comment       0x00000012        0x0 build/MCAL/SPI/SPI.o
                                 0x13 (size before relaxing)
 .comment       0x00000012        0x0 build/MCAL/TIMER/TIMER.o
                                 0x13 (size before relaxing)

.note.gnu.avr.deviceinfo
                0x00000000       0x3c
 .note.gnu.avr.deviceinfo
                0x00000000       0x3c C:/avr-gcc/bin/../lib/gcc/avr/15.2.0/../../../../avr/lib/avr5/crtatmega32.o

.gnu.build.attributes
 *(.gnu.build.attributes .gnu.build.attributes.*)

.note.gnu.build-id
 *(.note.gnu.build-id)

.debug
 *(.debug)

.line
 *(.line)

.debug_srcinfo
 *(.debug_srcinfo)

.debug_sfnames
 *(.debug_sfnames)

.debug_aranges  0x00000000       0xa0
 *(.debug_aranges)
 .debug_aranges
                0x00000000       0x20 C:/avr-gcc/bin/../lib/gcc/avr/15.2.0/avr5\libgcc.a(_udivmodhi4.o)
 .debug_aranges
                0x00000020       0x20 C:/avr-gcc/bin/../lib/gcc/avr/15.2.0/avr5\libgcc.a(_udivmodsi4.o)
 .debug_aranges
                0x00000040       0x20 C:/avr-gcc/bin/../lib/gcc/avr/15.2.0/avr5\libgcc.a(_exit.o)
 .debug_aranges
                0x00000060       0x20 C:/avr-gcc/bin/../lib/gcc/avr/15.2.0/avr5\libgcc.a(_copy_data.o)
 .debug_aranges
                0x00000080       0x20 C:/avr-gcc/bin/../lib/gcc/avr/15.2.0/avr5\libgcc.a(_clear_bss.o)

.debug_pubnames
 *(.debug_pubnames)

.debug_info     0x00000000      0x59a
 *(.debug_info .gnu.linkonce.wi.*)
 .debug_info    0x00000000      0x4e6 C:/avr-gcc/bin/../lib/gcc/avr/15.2.0/../../../../avr/lib/avr5/crtatmega32.o
 .debug_info    0x000004e6       0x24 C:/avr-gcc/bin/../lib/gcc/avr/15.2.0/avr5\libgcc.a(_udivmodhi4.o)
 .debug_info    0x0000050a       0x24 C:/avr-gcc/bin/../lib/gcc/avr/15.2.0/avr5\libgcc.a(_udivmodsi4.o)
 .debug_info    0x0000052e       0x24 C:/avr-gcc/bin/../lib/gcc/avr/15.2.0/avr5\libgcc.a(_exit.o)
 .debug_info    0x00000552       0x24 C:/avr-gcc/bin/../lib/gcc/avr/15.2.0/avr5\libgcc.a(_copy_data.o)
 .debug_info    0x00000576       0x24 C:/avr-gcc/bin/../lib/gcc/avr/15.2.0/avr5\libgcc.a(_clear_bss.o)

.debug_abbrev   0x00000000      0x507
 *(.debug_abbrev)
 .debug_abbrev  0x00000000      0x4a3 C:/avr-gcc/bin/../lib/gcc/avr/15.2.0/../../../../avr/lib/avr5/crtatmega32.o
 .debug_abbrev  0x000004a3       0x14 C:/avr-gcc/bin/../lib/gcc/avr/15.2.0/avr5\libgcc.a(_udivmodhi4.o)
 .debug_abbrev  0x000004b7       0x14 C:/avr-gcc/bin/../lib/gcc/avr/15.2.0/avr5\libgcc.a(_udivmodsi4.o)
 .debug_abbrev  0x000004cb       0x14 C:/avr-gcc/bin/../lib/gcc/avr/15.2.0/avr5\libgcc.a(_exit.o)
 .debug_abbrev  0x000004df       0x14 C:/avr-gcc/bin/../lib/gcc/avr/15.2.0/avr5\libgcc.a(_copy_data.o)
 .debug_abbrev  0x000004f3       0x14 C:/avr-gcc/bin/../lib/gcc/avr/15.2.0/avr5\libgcc.a(_clear_bss.o)

.debug_line     0x00000000      0x338
 *(.debug_line .debug_line.* .debug_line_end)
 .debug_line    0x00000000       0x1d C:/avr-gcc/bin/../lib/gcc/avr/15.2.0/../../../../avr/lib/avr5/crtatmega32.o
 .debug_line    0x0000001d       0xbd C:/avr-gcc/bin/../lib/gcc/avr/15.2.0/avr5\libgcc.a(_udivmodhi4.o)
 .debug_line    0x000000da      0x111 C:/avr-gcc/bin/../lib/gcc/avr/15.2.0/avr5\libgcc.a(_udivmodsi4.o)
 .debug_line    0x000001eb       0x51 C:/avr-gcc/bin/../lib/gcc/avr/15.2.0/avr5\libgcc.a(_exit.o)
 .debug_line    0x0000023c       0x87 C:/avr-gcc/bin/../lib/gcc/avr/15.2.0/avr5\libgcc.a(_copy_data.o)
 .debug_line    0x000002c3       0x75 C:/avr-gcc/bin/../lib/gcc/avr/15.2.0/avr5\libgcc.a(_clear_bss.o)

.debug_frame
 *(.debug_frame)

.debug_str      0x00000000      0x1fe
 *(.debug_str)
 .debug_str     0x00000000      0x196 C:/avr-gcc/bin/../lib/gcc/avr/15.2.0/../../../../avr/lib/avr5/crtatmega32.o
 .debug_str     0x00000196       0x68 C:/avr-gcc/bin/../lib/gcc/avr/15.2.0/avr5\libgcc.a(_udivmodhi4.o)
 .debug_str     0x000001fe        0x0 C:/avr-gcc/bin/../lib/gcc/avr/15.2.0/avr5\libgcc.a(_udivmodsi4.o)
                                 0x68 (size before relaxing)
 .debug_str     0x000001fe        0x0 C:/avr-gcc/bin/../lib/gcc/avr/15.2.0/avr5\libgcc.a(_exit.o)
                                 0x68 (size before relaxing)
 .debug_str     0x000001fe        0x0 C:/avr-gcc/bin/../lib/gcc/avr/15.2.0/avr5\libgcc.a(_copy_data.o)
                                 0x68 (size before relaxing)
 .debug_str     0x000001fe        0x0 C:/avr-gcc/bin/../lib/gcc/avr/15.2.0/avr5\libgcc.a(_clear_bss.o)
                                 0x68 (size before relaxing)

.debug_loc
 *(.debug_loc)

.debug_macinfo
 *(.debug_macinfo)

.debug_weaknames
 *(.debug_weaknames)

.debug_funcnames
 *(.debug_funcnames)

.debug_typenames
 *(.debug_typenames)

.debug_varnames
 *(.debug_varnames)

.debug_pubtypes
 *(.debug_pubtypes)

.debug_ranges
 *(.debug_ranges)

.debug_addr
 *(.debug_addr)

.debug_line_str
                0x00000000       0x5c
 *(.debug_line_str)
 .debug_line_str
                0x00000000       0x5c C:/avr-gcc/bin/../lib/gcc/avr/15.2.0/avr5\libgcc.a(_udivmodhi4.o)
 .debug_line_str
                0x0000005c        0x0 C:/avr-gcc/bin/../lib/gcc/avr/15.2.0/avr5\libgcc.a(_udivmodsi4.o)
                                 0x5c (size before relaxing)
 .debug_line_str
                0x0000005c        0x0 C:/avr-gcc/bin/../lib/gcc/avr/15.2.0/avr5\libgcc.a(_exit.o)
                                 0x5c (size before relaxing)
 .debug_line_str
                0x0000005c        0x0 C:/avr-gcc/bin/../lib/gcc/avr/15.2.0/avr5\libgcc.a(_copy_data.o)
                                 0x5c (size before relaxing)
 .debug_line_str
                0x0000005c        0x0 C:/avr-gcc/bin/../lib/gcc/avr/15.2.0/avr5\libgcc.a(_clear_bss.o)
                                 0x5c (size before relaxing)

.debug_loclists
 *(.debug_loclists)

.debug_macro
 *(.debug_macro)

.debug_names
 *(.debug_names)

.debug_rnglists
 *(.debug_rnglists)

.debug_str_offsets
 *(.debug_str_offsets)

.debug_sup
 *(.debug_sup)
OUTPUT(build/program.elf elf32-avr)
LOAD linker stubs
